Component: ARM Compiler 5.06 update 6 (build 750) Tool: armlink [4d35ed]

==============================================================================

Section Cross References

    encoder.o(i.check_Encoder) refers to encoder.o(.data) for last_data
    encoder.o(i.init_Encoder) refers to encoder.o(i.config_TimerA) for config_TimerA
    encoder.o(i.init_Encoder) refers to encoder.o(i.config_PortN) for config_PortN
    main.o(i.main) refers to encoder.o(i.init_Encoder) for init_Encoder
    main.o(i.main) refers to encoder.o(i.check_Encoder) for check_Encoder
    main.o(i.main) refers to encoder.o(i.timer_Off) for timer_Off
    main.o(i.main) refers to encoder.o(i.measure_Speed) for measure_Speed
    main.o(i.main) refers to encoder.o(i.timer_On) for timer_On
    main.o(i.main) refers to main.o(.data) for pulses
    clib_arm.o(i.__user_perthread_libspace) refers to clib_arm.o(i.os_kernel_is_active) for os_kernel_is_active
    clib_arm.o(i.__user_perthread_libspace) refers to tasks.o(i.xTaskGetCurrentTaskHandle) for xTaskGetCurrentTaskHandle
    clib_arm.o(i.__user_perthread_libspace) refers to clib_arm.o(.bss) for os_libspace
    clib_arm.o(i._mutex_acquire) refers to clib_arm.o(i.os_kernel_is_active) for os_kernel_is_active
    clib_arm.o(i._mutex_acquire) refers to queue.o(i.xQueueSemaphoreTake) for xQueueSemaphoreTake
    clib_arm.o(i._mutex_free) refers to queue.o(i.vQueueDelete) for vQueueDelete
    clib_arm.o(i._mutex_free) refers to clib_arm.o(.bss) for clib_mutex_id
    clib_arm.o(i._mutex_initialize) refers to queue.o(i.xQueueCreateMutexStatic) for xQueueCreateMutexStatic
    clib_arm.o(i._mutex_initialize) refers to clib_arm.o(i.os_kernel_is_active) for os_kernel_is_active
    clib_arm.o(i._mutex_initialize) refers to queue.o(i.xQueueCreateMutex) for xQueueCreateMutex
    clib_arm.o(i._mutex_initialize) refers to clib_arm.o(.bss) for clib_mutex_id
    clib_arm.o(i._mutex_release) refers to clib_arm.o(i.os_kernel_is_active) for os_kernel_is_active
    clib_arm.o(i._mutex_release) refers to queue.o(i.xQueueGenericSend) for xQueueGenericSend
    clib_arm.o(i.os_kernel_is_active) refers to tasks.o(i.xTaskGetSchedulerState) for xTaskGetSchedulerState
    clib_arm.o(i.os_kernel_is_active) refers to clib_arm.o(.data) for os_kernel_active
    cmsis_os2.o(i.SysTick_Handler) refers to tasks.o(i.xTaskGetSchedulerState) for xTaskGetSchedulerState
    cmsis_os2.o(i.SysTick_Handler) refers to port.o(i.xPortSysTickHandler) for xPortSysTickHandler
    cmsis_os2.o(i.TimerCallback) refers to timers.o(i.pvTimerGetTimerID) for pvTimerGetTimerID
    cmsis_os2.o(i.osDelay) refers to cmsis_os2.o(i.__get_IPSR) for __get_IPSR
    cmsis_os2.o(i.osDelay) refers to cmsis_os2.o(i.__get_PRIMASK) for __get_PRIMASK
    cmsis_os2.o(i.osDelay) refers to cmsis_os2.o(i.__get_BASEPRI) for __get_BASEPRI
    cmsis_os2.o(i.osDelay) refers to tasks.o(i.vTaskDelay) for vTaskDelay
    cmsis_os2.o(i.osDelay) refers to cmsis_os2.o(.data) for KernelState
    cmsis_os2.o(i.osDelayUntil) refers to cmsis_os2.o(i.__get_IPSR) for __get_IPSR
    cmsis_os2.o(i.osDelayUntil) refers to cmsis_os2.o(i.__get_PRIMASK) for __get_PRIMASK
    cmsis_os2.o(i.osDelayUntil) refers to cmsis_os2.o(i.__get_BASEPRI) for __get_BASEPRI
    cmsis_os2.o(i.osDelayUntil) refers to tasks.o(i.xTaskGetTickCount) for xTaskGetTickCount
    cmsis_os2.o(i.osDelayUntil) refers to tasks.o(i.vTaskDelayUntil) for vTaskDelayUntil
    cmsis_os2.o(i.osDelayUntil) refers to cmsis_os2.o(.data) for KernelState
    cmsis_os2.o(i.osEventFlagsClear) refers to cmsis_os2.o(i.__get_IPSR) for __get_IPSR
    cmsis_os2.o(i.osEventFlagsClear) refers to cmsis_os2.o(i.__get_PRIMASK) for __get_PRIMASK
    cmsis_os2.o(i.osEventFlagsClear) refers to cmsis_os2.o(i.__get_BASEPRI) for __get_BASEPRI
    cmsis_os2.o(i.osEventFlagsClear) refers to event_groups.o(i.xEventGroupGetBitsFromISR) for xEventGroupGetBitsFromISR
    cmsis_os2.o(i.osEventFlagsClear) refers to event_groups.o(i.xEventGroupClearBitsFromISR) for xEventGroupClearBitsFromISR
    cmsis_os2.o(i.osEventFlagsClear) refers to event_groups.o(i.xEventGroupClearBits) for xEventGroupClearBits
    cmsis_os2.o(i.osEventFlagsClear) refers to cmsis_os2.o(.data) for KernelState
    cmsis_os2.o(i.osEventFlagsDelete) refers to cmsis_os2.o(i.__get_IPSR) for __get_IPSR
    cmsis_os2.o(i.osEventFlagsDelete) refers to cmsis_os2.o(i.__get_PRIMASK) for __get_PRIMASK
    cmsis_os2.o(i.osEventFlagsDelete) refers to cmsis_os2.o(i.__get_BASEPRI) for __get_BASEPRI
    cmsis_os2.o(i.osEventFlagsDelete) refers to event_groups.o(i.vEventGroupDelete) for vEventGroupDelete
    cmsis_os2.o(i.osEventFlagsDelete) refers to cmsis_os2.o(.data) for KernelState
    cmsis_os2.o(i.osEventFlagsGet) refers to cmsis_os2.o(i.__get_IPSR) for __get_IPSR
    cmsis_os2.o(i.osEventFlagsGet) refers to cmsis_os2.o(i.__get_PRIMASK) for __get_PRIMASK
    cmsis_os2.o(i.osEventFlagsGet) refers to cmsis_os2.o(i.__get_BASEPRI) for __get_BASEPRI
[...]
    sys_wrch.o(.text) refers (Special) to indicate_semi.o(.text) for __semihosting_library_function
    defsig.o(CL$$defsig) refers to defsig_rtmem_inner.o(.text) for __rt_SIGRTMEM_inner
    defsig_abrt_inner.o(.text) refers to defsig_general.o(.text) for __default_signal_display
    defsig_fpe_inner.o(.text) refers to defsig_general.o(.text) for __default_signal_display
    defsig_rtred_inner.o(.text) refers to defsig_general.o(.text) for __default_signal_display
    defsig_stak_inner.o(.text) refers to defsig_general.o(.text) for __default_signal_display
    defsig_pvfn_inner.o(.text) refers to defsig_general.o(.text) for __default_signal_display
    defsig_cppl_inner.o(.text) refers to defsig_general.o(.text) for __default_signal_display
    defsig_segv_inner.o(.text) refers to defsig_general.o(.text) for __default_signal_display
    defsig_other.o(.text) refers to defsig_general.o(.text) for __default_signal_display


==============================================================================

Removing Unused input sections from the image.

    Removing clib_arm.o(.rev16_text), (4 bytes).
    Removing clib_arm.o(.revsh_text), (4 bytes).
    Removing clib_arm.o(.rrx_text), (6 bytes).
    Removing clib_arm.o(i.__user_perthread_libspace), (100 bytes).
    Removing cmsis_os2.o(.rev16_text), (4 bytes).
    Removing cmsis_os2.o(.revsh_text), (4 bytes).
    Removing cmsis_os2.o(.rrx_text), (6 bytes).
    Removing cmsis_os2.o(i.AllocBlock), (16 bytes).
    Removing cmsis_os2.o(i.CreateBlock), (32 bytes).
    Removing cmsis_os2.o(i.FreeBlock), (10 bytes).
    Removing cmsis_os2.o(i.TimerCallback), (22 bytes).
    Removing cmsis_os2.o(i.__get_BASEPRI), (6 bytes).
    Removing cmsis_os2.o(i.__get_IPSR), (6 bytes).
    Removing cmsis_os2.o(i.__get_PRIMASK), (6 bytes).
    Removing cmsis_os2.o(i.osDelay), (56 bytes).
    Removing cmsis_os2.o(i.osDelayUntil), (76 bytes).
    Removing cmsis_os2.o(i.osEventFlagsClear), (96 bytes).
    Removing cmsis_os2.o(i.osEventFlagsDelete), (64 bytes).
    Removing cmsis_os2.o(i.osEventFlagsGet), (68 bytes).
    Removing cmsis_os2.o(i.osEventFlagsNew), (96 bytes).
    Removing cmsis_os2.o(i.osEventFlagsSet), (116 bytes).
    Removing cmsis_os2.o(i.osEventFlagsWait), (168 bytes).
    Removing cmsis_os2.o(i.osKernelGetInfo), (64 bytes).
    Removing cmsis_os2.o(i.osKernelGetState), (52 bytes).
    Removing cmsis_os2.o(i.osKernelGetSysTimerCount), (66 bytes).
    Removing cmsis_os2.o(i.osKernelGetSysTimerFreq), (12 bytes).
    Removing cmsis_os2.o(i.osKernelGetTickCount), (52 bytes).
    Removing cmsis_os2.o(i.osKernelGetTickFreq), (6 bytes).
    Removing cmsis_os2.o(i.osKernelInitialize), (64 bytes).
    Removing cmsis_os2.o(i.osKernelLock), (80 bytes).
    Removing cmsis_os2.o(i.osKernelRestoreLock), (112 bytes).
    Removing cmsis_os2.o(i.osKernelStart), (116 bytes).
    Removing cmsis_os2.o(i.osKernelUnlock), (92 bytes).
    Removing cmsis_os2.o(i.osMemoryPoolAlloc), (200 bytes).
    Removing cmsis_os2.o(i.osMemoryPoolDelete), (128 bytes).
    Removing cmsis_os2.o(i.osMemoryPoolFree), (252 bytes).
    Removing cmsis_os2.o(i.osMemoryPoolGetBlockSize), (36 bytes).
    Removing cmsis_os2.o(i.osMemoryPoolGetCapacity), (36 bytes).
    Removing cmsis_os2.o(i.osMemoryPoolGetCount), (88 bytes).
    Removing cmsis_os2.o(i.osMemoryPoolGetName), (52 bytes).
    Removing cmsis_os2.o(i.osMemoryPoolGetSpace), (84 bytes).
    Removing cmsis_os2.o(i.osMemoryPoolNew), (300 bytes).
    Removing cmsis_os2.o(i.osMessageQueueDelete), (64 bytes).
    Removing cmsis_os2.o(i.osMessageQueueGet), (152 bytes).
    Removing cmsis_os2.o(i.osMessageQueueGetCapacity), (14 bytes).
    Removing cmsis_os2.o(i.osMessageQueueGetCount), (64 bytes).
    Removing cmsis_os2.o(i.osMessageQueueGetMsgSize), (14 bytes).
    Removing cmsis_os2.o(i.osMessageQueueGetSpace), (100 bytes).
    Removing cmsis_os2.o(i.osMessageQueueNew), (152 bytes).
    Removing cmsis_os2.o(i.osMessageQueuePut), (156 bytes).
    Removing cmsis_os2.o(i.osMessageQueueReset), (64 bytes).
    Removing cmsis_os2.o(i.osMutexAcquire), (124 bytes).
    Removing cmsis_os2.o(i.osMutexDelete), (64 bytes).
    Removing cmsis_os2.o(i.osMutexGetOwner), (56 bytes).
    Removing cmsis_os2.o(i.osMutexNew), (180 bytes).
    Removing cmsis_os2.o(i.osMutexRelease), (104 bytes).
    Removing cmsis_os2.o(i.osSemaphoreAcquire), (132 bytes).
    Removing cmsis_os2.o(i.osSemaphoreDelete), (64 bytes).
    Removing cmsis_os2.o(i.osSemaphoreGetCount), (64 bytes).
    Removing cmsis_os2.o(i.osSemaphoreNew), (204 bytes).
    Removing cmsis_os2.o(i.osSemaphoreRelease), (116 bytes).
    Removing cmsis_os2.o(i.osThreadEnumerate), (132 bytes).
    Removing cmsis_os2.o(i.osThreadExit), (10 bytes).
    Removing cmsis_os2.o(i.osThreadFlagsClear), (112 bytes).
    Removing cmsis_os2.o(i.osThreadFlagsGet), (72 bytes).
    Removing cmsis_os2.o(i.osThreadFlagsSet), (152 bytes).
    Removing cmsis_os2.o(i.osThreadFlagsWait), (204 bytes).
    Removing cmsis_os2.o(i.osThreadGetCount), (48 bytes).
    Removing cmsis_os2.o(i.osThreadGetId), (12 bytes).
    Removing cmsis_os2.o(i.osThreadGetName), (56 bytes).
    Removing cmsis_os2.o(i.osThreadGetPriority), (56 bytes).
    Removing cmsis_os2.o(i.osThreadGetStackSpace), (56 bytes).
    Removing cmsis_os2.o(i.osThreadGetState), (96 bytes).
    Removing cmsis_os2.o(i.osThreadNew), (212 bytes).
    Removing cmsis_os2.o(i.osThreadResume), (64 bytes).
    Removing cmsis_os2.o(i.osThreadSetPriority), (80 bytes).
    Removing cmsis_os2.o(i.osThreadSuspend), (64 bytes).
    Removing cmsis_os2.o(i.osThreadTerminate), (84 bytes).
    Removing cmsis_os2.o(i.osThreadYield), (64 bytes).
    Removing cmsis_os2.o(i.osTimerDelete), (96 bytes).
    Removing cmsis_os2.o(i.osTimerGetName), (56 bytes).
    Removing cmsis_os2.o(i.osTimerIsRunning), (56 bytes).
    Removing cmsis_os2.o(i.osTimerNew), (212 bytes).
    Removing cmsis_os2.o(i.osTimerStart), (84 bytes).
    Removing cmsis_os2.o(i.osTimerStop), (96 bytes).
    Removing cmsis_os2.o(i.vApplicationGetIdleTaskMemory), (24 bytes).
    Removing cmsis_os2.o(i.vApplicationGetTimerTaskMemory), (24 bytes).
    Removing cmsis_os2.o(.bss), (1016 bytes).
    Removing cmsis_os2.o(.data), (4 bytes).
    Removing os_systick.o(.rev16_text), (4 bytes).
    Removing os_systick.o(.revsh_text), (4 bytes).
    Removing os_systick.o(.rrx_text), (6 bytes).
    Removing os_systick.o(i.OS_Tick_AcknowledgeIRQ), (8 bytes).
    Removing os_systick.o(i.OS_Tick_Disable), (52 bytes).
    Removing os_systick.o(i.OS_Tick_Enable), (48 bytes).
    Removing os_systick.o(i.OS_Tick_GetClock), (12 bytes).
    Removing os_systick.o(i.OS_Tick_GetCount), (12 bytes).
    Removing os_systick.o(i.OS_Tick_GetIRQn), (6 bytes).
    Removing os_systick.o(i.OS_Tick_GetInterval), (10 bytes).
    Removing os_systick.o(i.OS_Tick_GetOverflow), (12 bytes).
    Removing os_systick.o(i.OS_Tick_Setup), (112 bytes).
    Removing os_systick.o(.data), (1 bytes).
    Removing system_tm4c129.o(.rev16_text), (4 bytes).
    Removing system_tm4c129.o(.revsh_text), (4 bytes).
    Removing system_tm4c129.o(.rrx_text), (6 bytes).
    Removing system_tm4c129.o(i.SystemCoreClockUpdate), (16 bytes).
    Removing freertos_evr.o(.rev16_text), (4 bytes).
    Removing freertos_evr.o(.revsh_text), (4 bytes).
    Removing freertos_evr.o(.rrx_text), (6 bytes).
    Removing event_groups.o(.rev16_text), (4 bytes).
    Removing event_groups.o(.revsh_text), (4 bytes).
    Removing event_groups.o(.rrx_text), (6 bytes).
    Removing event_groups.o(i.prvTestWaitCondition), (30 bytes).
    Removing event_groups.o(i.uxEventGroupGetNumber), (14 bytes).
    Removing event_groups.o(i.vEventGroupClearBitsCallback), (16 bytes).
    Removing event_groups.o(i.vEventGroupDelete), (46 bytes).
    Removing event_groups.o(i.vEventGroupSetBitsCallback), (16 bytes).
    Removing event_groups.o(i.vEventGroupSetNumber), (4 bytes).
    Removing event_groups.o(i.xEventGroupClearBits), (32 bytes).
    Removing event_groups.o(i.xEventGroupClearBitsFromISR), (28 bytes).
    Removing event_groups.o(i.xEventGroupCreate), (30 bytes).
    Removing event_groups.o(i.xEventGroupCreateStatic), (26 bytes).
    Removing event_groups.o(i.xEventGroupGetBitsFromISR), (44 bytes).
    Removing event_groups.o(i.xEventGroupSetBits), (146 bytes).
    Removing event_groups.o(i.xEventGroupSetBitsFromISR), (36 bytes).
    Removing event_groups.o(i.xEventGroupSync), (168 bytes).
    Removing event_groups.o(i.xEventGroupWaitBits), (204 bytes).
    Removing list.o(.rev16_text), (4 bytes).
    Removing list.o(.revsh_text), (4 bytes).
    Removing list.o(.rrx_text), (6 bytes).
    Removing list.o(i.vListInitialiseItem), (6 bytes).
    Removing heap_4.o(.rev16_text), (4 bytes).
    Removing heap_4.o(.revsh_text), (4 bytes).
    Removing heap_4.o(.rrx_text), (6 bytes).
    Removing heap_4.o(i.vPortGetHeapStats), (128 bytes).
    Removing heap_4.o(i.vPortInitialiseBlocks), (2 bytes).
    Removing heap_4.o(i.xPortGetFreeHeapSize), (12 bytes).
    Removing heap_4.o(i.xPortGetMinimumEverFreeHeapSize), (12 bytes).
    Removing port.o(.rev16_text), (4 bytes).
    Removing port.o(.revsh_text), (4 bytes).
    Removing port.o(.rrx_text), (6 bytes).
    Removing port.o(i.prvTaskExitError), (22 bytes).
    Removing port.o(i.pxPortInitialiseStack), (44 bytes).
    Removing port.o(i.vPortEndScheduler), (2 bytes).
    Removing port.o(i.vPortSetupTimerInterrupt), (40 bytes).
    Removing port.o(i.xPortStartScheduler), (72 bytes).
    Removing queue.o(.rev16_text), (4 bytes).
    Removing queue.o(.revsh_text), (4 bytes).
    Removing queue.o(.rrx_text), (6 bytes).
    Removing queue.o(i.prvCopyDataFromQueue), (42 bytes).
    Removing queue.o(i.ucQueueGetQueueType), (8 bytes).
    Removing queue.o(i.uxQueueGetQueueNumber), (6 bytes).
    Removing queue.o(i.uxQueueMessagesWaiting), (18 bytes).
    Removing queue.o(i.uxQueueMessagesWaitingFromISR), (8 bytes).
    Removing queue.o(i.uxQueueSpacesAvailable), (24 bytes).
    Removing queue.o(i.vQueueSetQueueNumber), (4 bytes).
    Removing queue.o(i.vQueueWaitForMessageRestricted), (74 bytes).
    Removing queue.o(i.xQueueCreateCountingSemaphore), (26 bytes).
    Removing queue.o(i.xQueueCreateCountingSemaphoreStatic), (34 bytes).
    Removing queue.o(i.xQueueGenericSendFromISR), (138 bytes).
    Removing queue.o(i.xQueueGetMutexHolder), (28 bytes).
    Removing queue.o(i.xQueueGetMutexHolderFromISR), (14 bytes).
    Removing queue.o(i.xQueueGiveFromISR), (120 bytes).
    Removing queue.o(i.xQueueGiveMutexRecursive), (48 bytes).
    Removing queue.o(i.xQueueIsQueueEmptyFromISR), (16 bytes).
    Removing queue.o(i.xQueueIsQueueFullFromISR), (22 bytes).
    Removing queue.o(i.xQueuePeek), (268 bytes).
    Removing queue.o(i.xQueuePeekFromISR), (74 bytes).
    Removing queue.o(i.xQueueReceive), (260 bytes).
    Removing queue.o(i.xQueueReceiveFromISR), (130 bytes).
    Removing queue.o(i.xQueueTakeMutexRecursive), (54 bytes).
    Removing tasks.o(.rev16_text), (4 bytes).
    Removing tasks.o(.revsh_text), (4 bytes).
    Removing tasks.o(.rrx_text), (6 bytes).
    Removing tasks.o(i.eTaskGetState), (124 bytes).
    Removing tasks.o(i.pcTaskGetName), (24 bytes).
    Removing tasks.o(i.prvAddNewTaskToReadyList), (184 bytes).
    Removing tasks.o(i.prvCheckTasksWaitingTermination), (72 bytes).
    Removing tasks.o(i.prvDeleteTCB), (40 bytes).
    Removing tasks.o(i.prvIdleTask), (40 bytes).
    Removing tasks.o(i.prvInitialiseNewTask), (154 bytes).
    Removing tasks.o(i.prvInitialiseTaskLists), (104 bytes).
    Removing tasks.o(i.prvListTasksWithinSingleList), (106 bytes).
    Removing tasks.o(i.prvTaskCheckFreeStackSpace), (22 bytes).
    Removing tasks.o(i.prvTaskIsTaskSuspended), (64 bytes).
    Removing tasks.o(i.ulTaskNotifyTake), (116 bytes).
    Removing tasks.o(i.ulTaskNotifyValueClear), (52 bytes).
    Removing tasks.o(i.uxTaskGetNumberOfTasks), (12 bytes).
    Removing tasks.o(i.uxTaskGetStackHighWaterMark), (40 bytes).
    Removing tasks.o(i.uxTaskGetSystemState), (176 bytes).
    Removing tasks.o(i.uxTaskGetTaskNumber), (14 bytes).
    Removing tasks.o(i.uxTaskPriorityGet), (36 bytes).
    Removing tasks.o(i.uxTaskPriorityGetFromISR), (56 bytes).
    Removing tasks.o(i.uxTaskResetEventItemValue), (28 bytes).
    Removing tasks.o(i.vTaskDelay), (52 bytes).
    Removing tasks.o(i.vTaskDelayUntil), (116 bytes).
    Removing tasks.o(i.vTaskDelete), (160 bytes).
    Removing tasks.o(i.vTaskEndScheduler), (36 bytes).
    Removing tasks.o(i.vTaskGetInfo), (132 bytes).
    Removing tasks.o(i.vTaskNotifyGiveFromISR), (176 bytes).
    Removing tasks.o(i.vTaskPlaceOnEventListRestricted), (40 bytes).
    Removing tasks.o(i.vTaskPlaceOnUnorderedEventList), (44 bytes).
    Removing tasks.o(i.vTaskPrioritySet), (224 bytes).
    Removing tasks.o(i.vTaskRemoveFromUnorderedEventList), (96 bytes).
    Removing tasks.o(i.vTaskResume), (120 bytes).
    Removing tasks.o(i.vTaskSetTaskNumber), (8 bytes).
    Removing tasks.o(i.vTaskSetTimeOutState), (36 bytes).
    Removing tasks.o(i.vTaskStartScheduler), (148 bytes).
    Removing tasks.o(i.vTaskSuspend), (160 bytes).
    Removing tasks.o(i.xTaskCatchUpTicks), (36 bytes).
    Removing tasks.o(i.xTaskCreate), (100 bytes).
    Removing tasks.o(i.xTaskCreateStatic), (78 bytes).
    Removing tasks.o(i.xTaskGenericNotify), (196 bytes).
    Removing tasks.o(i.xTaskGenericNotifyFromISR), (252 bytes).
    Removing tasks.o(i.xTaskGetCurrentTaskHandle), (12 bytes).
    Removing tasks.o(i.xTaskGetTickCount), (12 bytes).
    Removing tasks.o(i.xTaskGetTickCountFromISR), (12 bytes).
    Removing tasks.o(i.xTaskNotifyStateClear), (52 bytes).
    Removing tasks.o(i.xTaskNotifyWait), (160 bytes).
    Removing tasks.o(i.xTaskResumeFromISR), (148 bytes).
    Removing timers.o(.rev16_text), (4 bytes).
    Removing timers.o(.revsh_text), (4 bytes).
    Removing timers.o(.rrx_text), (6 bytes).
    Removing timers.o(i.pcTimerGetName), (8 bytes).
    Removing timers.o(i.prvCheckForValidListAndQueue), (92 bytes).
    Removing timers.o(i.prvGetNextExpireTime), (40 bytes).
    Removing timers.o(i.prvInitialiseNewTimer), (58 bytes).
    Removing timers.o(i.prvInsertTimerInActiveList), (88 bytes).
    Removing timers.o(i.prvProcessExpiredTimer), (92 bytes).
    Removing timers.o(i.prvProcessReceivedCommands), (268 bytes).
    Removing timers.o(i.prvProcessTimerOrBlockTask), (116 bytes).
    Removing timers.o(i.prvSampleTimeNow), (44 bytes).
    Removing timers.o(i.prvSwitchTimerLists), (136 bytes).
    Removing timers.o(i.prvTimerTask), (26 bytes).
    Removing timers.o(i.pvTimerGetTimerID), (20 bytes).
    Removing timers.o(i.uxTimerGetReloadMode), (34 bytes).
    Removing timers.o(i.uxTimerGetTimerNumber), (6 bytes).
    Removing timers.o(i.vTimerSetReloadMode), (46 bytes).
    Removing timers.o(i.vTimerSetTimerID), (20 bytes).
    Removing timers.o(i.vTimerSetTimerNumber), (4 bytes).
    Removing timers.o(i.xTimerCreate), (54 bytes).
    Removing timers.o(i.xTimerCreateStatic), (48 bytes).
    Removing timers.o(i.xTimerCreateTimerTask), (96 bytes).
    Removing timers.o(i.xTimerGenericCommand), (108 bytes).
    Removing timers.o(i.xTimerGetExpiryTime), (8 bytes).
    Removing timers.o(i.xTimerGetPeriod), (8 bytes).
    Removing timers.o(i.xTimerGetTimerDaemonTaskHandle), (12 bytes).
    Removing timers.o(i.xTimerIsTimerActive), (34 bytes).
    Removing timers.o(i.xTimerPendFunctionCall), (52 bytes).
    Removing timers.o(i.xTimerPendFunctionCallFromISR), (52 bytes).
    Removing timers.o(.bss), (200 bytes).
    Removing timers.o(.data), (20 bytes).

252 unused section(s) (total 16873 bytes) removed from the image.

==============================================================================

Image Symbol Table

    Local Symbols

    Symbol Name                              Value     Ov Type        Size  Object(Section)

    RESET                                    0x00000000   Section      512  startup_tm4c129.o(RESET)
    ../clib/angel/boardlib.s                 0x00000000   Number         0  boardinit1.o ABSOLUTE
    ../clib/angel/boardlib.s                 0x00000000   Number         0  boardinit3.o ABSOLUTE
    ../clib/angel/boardlib.s                 0x00000000   Number         0  boardshut.o ABSOLUTE
    ../clib/angel/handlers.s                 0x00000000   Number         0  __scatter_copy.o ABSOLUTE
    ../clib/angel/handlers.s                 0x00000000   Number         0  __scatter_zi.o ABSOLUTE
    ../clib/angel/kernel.s                   0x00000000   Number         0  rtexit.o ABSOLUTE
    ../clib/angel/kernel.s                   0x00000000   Number         0  __rtentry.o ABSOLUTE
    ../clib/angel/kernel.s                   0x00000000   Number         0  __rtentry2.o ABSOLUTE
    ../clib/angel/kernel.s                   0x00000000   Number         0  __rtentry4.o ABSOLUTE
    ../clib/angel/kernel.s                   0x00000000   Number         0  rtexit2.o ABSOLUTE
    ../clib/angel/rt.s                       0x00000000   Number         0  rt_raise.o ABSOLUTE
    ../clib/angel/scatter.s                  0x00000000   Number         0  __scatter.o ABSOLUTE
    ../clib/angel/startup.s                  0x00000000   Number         0  __main.o ABSOLUTE
    ../clib/angel/sys.s                      0x00000000   Number         0  sys_stackheap_outer.o ABSOLUTE
    ../clib/angel/sys.s                      0x00000000   Number         0  libspace.o ABSOLUTE
    ../clib/angel/sys.s                      0x00000000   Number         0  use_no_semi.o ABSOLUTE
    ../clib/angel/sys.s                      0x00000000   Number         0  indicate_semi.o ABSOLUTE
    ../clib/angel/sysapp.c                   0x00000000   Number         0  sys_wrch.o ABSOLUTE
    ../clib/angel/sysapp.c                   0x00000000   Number         0  sys_command.o ABSOLUTE
    ../clib/angel/sysapp.c                   0x00000000   Number         0  sys_exit.o ABSOLUTE
    ../clib/armsys.c                         0x00000000   Number         0  no_argv.o ABSOLUTE
    ../clib/armsys.c                         0x00000000   Number         0  _get_argv_nomalloc.o ABSOLUTE
    ../clib/armsys.c                         0x00000000   Number         0  argv_veneer.o ABSOLUTE
    ../clib/armsys.c                         0x00000000   Number         0  argv_veneer.o ABSOLUTE
    ../clib/heapalloc.c                      0x00000000   Number         0  hrguard.o ABSOLUTE
    ../clib/heapaux.c                        0x00000000   Number         0  heapauxi.o ABSOLUTE
    ../clib/libinit.s                        0x00000000   Number         0  libshutdown2.o ABSOLUTE
    ../clib/libinit.s                        0x00000000   Number         0  libinit.o ABSOLUTE
    ../clib/libinit.s                        0x00000000   Number         0  libshutdown.o ABSOLUTE
    ../clib/libinit.s                        0x00000000   Number         0  libinit2.o ABSOLUTE
    ../clib/memcpset.s                       0x00000000   Number         0  rt_memcpy_v6.o ABSOLUTE
    ../clib/memcpset.s                       0x00000000   Number         0  rt_memcpy_w.o ABSOLUTE
    ../clib/memcpset.s                       0x00000000   Number         0  rt_memclr_w.o ABSOLUTE
    ../clib/memcpset.s                       0x00000000   Number         0  rt_memclr.o ABSOLUTE
    ../clib/memcpset.s                       0x00000000   Number         0  aeabi_memset.o ABSOLUTE
    ../clib/signal.c                         0x00000000   Number         0  defsig_exit.o ABSOLUTE
    ../clib/signal.c                         0x00000000   Number         0  defsig_general.o ABSOLUTE
    ../clib/signal.c                         0x00000000   Number         0  __raise.o ABSOLUTE
    ../clib/signal.c                         0x00000000   Number         0  defsig_other.o ABSOLUTE
    ../clib/signal.c                         0x00000000   Number         0  defsig_rtmem_outer.o ABSOLUTE
    ../clib/signal.c                         0x00000000   Number         0  defsig_rtmem_inner.o ABSOLUTE
    ../clib/signal.c                         0x00000000   Number         0  defsig_pvfn_inner.o ABSOLUTE
    ../clib/signal.c                         0x00000000   Number         0  defsig_abrt_inner.o ABSOLUTE
    ../clib/signal.c                         0x00000000   Number         0  defsig_fpe_inner.o ABSOLUTE
    ../clib/signal.c                         0x00000000   Number         0  defsig_rtred_inner.o ABSOLUTE
    ../clib/signal.c                         0x00000000   Number         0  defsig_rtmem_formal.o ABSOLUTE
    ../clib/signal.c                         0x00000000   Number         0  defsig_stak_inner.o ABSOLUTE
    ../clib/signal.c                         0x00000000   Number         0  defsig_cppl_inner.o ABSOLUTE
    ../clib/signal.c                         0x00000000   Number         0  defsig_segv_inner.o ABSOLUTE
    ../clib/signal.s                         0x00000000   Number         0  defsig.o ABSOLUTE
    ../clib/stdlib.c                         0x00000000   Number         0  exit.o ABSOLUTE
    ../fplib/fpinit.s                        0x00000000   Number         0  fpinit.o ABSOLUTE
    D:\Archivos de programa\Arm\Packs\ARM\CMSIS-FreeRTOS\10.3.1\CMSIS\RTOS2\FreeRTOS\Source\ARM\clib_arm.c 0x00000000   Number         0  clib_arm.o ABSOLUTE
    D:\Archivos de programa\Arm\Packs\ARM\CMSIS-FreeRTOS\10.3.1\CMSIS\RTOS2\FreeRTOS\Source\cmsis_os2.c 0x00000000   Number         0  cmsis_os2.o ABSOLUTE
    D:\Archivos de programa\Arm\Packs\ARM\CMSIS-FreeRTOS\10.3.1\CMSIS\RTOS2\FreeRTOS\Source\freertos_evr.c 0x00000000   Number         0  freertos_evr.o ABSOLUTE
    D:\Archivos de programa\Arm\Packs\ARM\CMSIS-FreeRTOS\10.3.1\CMSIS\RTOS2\FreeRTOS\Source\os_systick.c 0x00000000   Number         0  os_systick.o ABSOLUTE
    D:\Archivos de programa\Arm\Packs\ARM\CMSIS-FreeRTOS\10.3.1\Source\event_groups.c 0x00000000   Number         0  event_groups.o ABSOLUTE
    D:\Archivos de programa\Arm\Packs\ARM\CMSIS-FreeRTOS\10.3.1\Source\list.c 0x00000000   Number         0  list.o ABSOLUTE
    D:\Archivos de programa\Arm\Packs\ARM\CMSIS-FreeRTOS\10.3.1\Source\portable\MemMang\heap_4.c 0x00000000   Number         0  heap_4.o ABSOLUTE
    D:\Archivos de programa\Arm\Packs\ARM\CMSIS-FreeRTOS\10.3.1\Source\portable\RVDS\ARM_CM4F\port.c 0x00000000   Number         0  port.o ABSOLUTE
    D:\Archivos de programa\Arm\Packs\ARM\CMSIS-FreeRTOS\10.3.1\Source\queue.c 0x00000000   Number         0  queue.o ABSOLUTE
    D:\Archivos de programa\Arm\Packs\ARM\CMSIS-FreeRTOS\10.3.1\Source\tasks.c 0x00000000   Number         0  tasks.o ABSOLUTE
    D:\Archivos de programa\Arm\Packs\ARM\CMSIS-FreeRTOS\10.3.1\Source\timers.c 0x00000000   Number         0  timers.o ABSOLUTE
    D:\\Archivos de programa\\Arm\\Packs\\ARM\\CMSIS-FreeRTOS\\10.3.1\\CMSIS\\RTOS2\\FreeRTOS\\Source\\ARM\\clib_arm.c 0x00000000   Number         0  clib_arm.o ABSOLUTE
    D:\\Archivos de programa\\Arm\\Packs\\ARM\\CMSIS-FreeRTOS\\10.3.1\\CMSIS\\RTOS2\\FreeRTOS\\Source\\cmsis_os2.c 0x00000000   Number         0  cmsis_os2.o ABSOLUTE
    D:\\Archivos de programa\\Arm\\Packs\\ARM\\CMSIS-FreeRTOS\\10.3.1\\CMSIS\\RTOS2\\FreeRTOS\\Source\\freertos_evr.c 0x00000000   Number         0  freertos_evr.o ABSOLUTE
    D:\\Archivos de programa\\Arm\\Packs\\ARM\\CMSIS-FreeRTOS\\10.3.1\\CMSIS\\RTOS2\\FreeRTOS\\Source\\os_systick.c 0x00000000   Number         0  os_systick.o ABSOLUTE
    D:\\Archivos de programa\\Arm\\Packs\\ARM\\CMSIS-FreeRTOS\\10.3.1\\Source\\event_groups.c 0x00000000   Number         0  event_groups.o ABSOLUTE
    D:\\Archivos de programa\\Arm\\Packs\\ARM\\CMSIS-FreeRTOS\\10.3.1\\Source\\list.c 0x00000000   Number         0  list.o ABSOLUTE
    D:\\Archivos de programa\\Arm\\Packs\\ARM\\CMSIS-FreeRTOS\\10.3.1\\Source\\portable\\MemMang\\heap_4.c 0x00000000   Number         0  heap_4.o ABSOLUTE
    D:\\Archivos de programa\\Arm\\Packs\\ARM\\CMSIS-FreeRTOS\\10.3.1\\Source\\portable\\RVDS\\ARM_CM4F\\port.c 0x00000000   Number         0  port.o ABSOLUTE
    D:\\Archivos de programa\\Arm\\Packs\\ARM\\CMSIS-FreeRTOS\\10.3.1\\Source\\queue.c 0x00000000   Number         0  queue.o ABSOLUTE
    D:\\Archivos de programa\\Arm\\Packs\\ARM\\CMSIS-FreeRTOS\\10.3.1\\Source\\tasks.c 0x00000000   Number         0  tasks.o ABSOLUTE
    D:\\Archivos de programa\\Arm\\Packs\\ARM\\CMSIS-FreeRTOS\\10.3.1\\Source\\timers.c 0x00000000   Number         0  timers.o ABSOLUTE
    RTE\Device\TM4C1294NCPDT\startup_TM4C129.s 0x00000000   Number         0  startup_tm4c129.o ABSOLUTE
    RTE\Device\TM4C1294NCPDT\system_TM4C129.c 0x00000000   Number         0  system_tm4c129.o ABSOLUTE
    RTE\\Device\\TM4C1294NCPDT\\system_TM4C129.c 0x00000000   Number         0  system_tm4c129.o ABSOLUTE
    dc.s                                     0x00000000   Number         0  dc.o ABSOLUTE
    encoder.c                                0x00000000   Number         0  encoder.o ABSOLUTE
    main.c                                   0x00000000   Number         0  main.o ABSOLUTE
    !!!main                                  0x00000200   Section        8  __main.o(!!!main)
    !!!scatter                               0x00000208   Section       52  __scatter.o(!!!scatter)
    !!handler_copy                           0x0000023c   Section       26  __scatter_copy.o(!!handler_copy)
    !!handler_zi                             0x00000258   Section       28  __scatter_zi.o(!!handler_zi)
    .ARM.Collect$$libinit$$00000000          0x00000274   Section        2  libinit.o(.ARM.Collect$$libinit$$00000000)
    .ARM.Collect$$libinit$$00000001          0x00000276   Section        4  libinit2.o(.ARM.Collect$$libinit$$00000001)
    .ARM.Collect$$libinit$$00000004          0x0000027a   Section        0  libinit2.o(.ARM.Collect$$libinit$$00000004)
    .ARM.Collect$$libinit$$0000000A          0x0000027a   Section        0  libinit2.o(.ARM.Collect$$libinit$$0000000A)
    .ARM.Collect$$libinit$$0000000C          0x0000027a   Section        0  libinit2.o(.ARM.Collect$$libinit$$0000000C)
    .ARM.Collect$$libinit$$0000000E          0x0000027a   Section        0  libinit2.o(.ARM.Collect$$libinit$$0000000E)
    .ARM.Collect$$libinit$$00000011          0x0000027a   Section        0  libinit2.o(.ARM.Collect$$libinit$$00000011)
    .ARM.Collect$$libinit$$00000013          0x0000027a   Section        0  libinit2.o(.ARM.Collect$$libinit$$00000013)
    .ARM.Collect$$libinit$$00000015          0x0000027a   Section        0  libinit2.o(.ARM.Collect$$libinit$$00000015)
    .ARM.Collect$$libinit$$00000017          0x0000027a   Section        0  libinit2.o(.ARM.Collect$$libinit$$00000017)
    .ARM.Collect$$libinit$$00000019          0x0000027a   Section        0  libinit2.o(.ARM.Collect$$libinit$$00000019)
    .ARM.Collect$$libinit$$0000001B          0x0000027a   Section        0  libinit2.o(.ARM.Collect$$libinit$$0000001B)
    .ARM.Collect$$libinit$$0000001D          0x0000027a   Section        0  libinit2.o(.ARM.Collect$$libinit$$0000001D)
    .ARM.Collect$$libinit$$0000001F          0x0000027a   Section        0  libinit2.o(.ARM.Collect$$libinit$$0000001F)
    .ARM.Collect$$libinit$$00000021          0x0000027a   Section        0  libinit2.o(.ARM.Collect$$libinit$$00000021)
    .ARM.Collect$$libinit$$00000023          0x0000027a   Section        0  libinit2.o(.ARM.Collect$$libinit$$00000023)
    .ARM.Collect$$libinit$$00000025          0x0000027a   Section        0  libinit2.o(.ARM.Collect$$libinit$$00000025)
    .ARM.Collect$$libinit$$0000002C          0x0000027a   Section        0  libinit2.o(.ARM.Collect$$libinit$$0000002C)
    .ARM.Collect$$libinit$$0000002E          0x0000027a   Section        0  libinit2.o(.ARM.Collect$$libinit$$0000002E)
    .ARM.Collect$$libinit$$00000030          0x0000027a   Section        0  libinit2.o(.ARM.Collect$$libinit$$00000030)
    .ARM.Collect$$libinit$$00000032          0x0000027a   Section        0  libinit2.o(.ARM.Collect$$libinit$$00000032)
    .ARM.Collect$$libinit$$00000033          0x0000027a   Section        2  libinit2.o(.ARM.Collect$$libinit$$00000033)
    .ARM.Collect$$libshutdown$$00000000      0x0000027c   Section        2  libshutdown.o(.ARM.Collect$$libshutdown$$00000000)
    .ARM.Collect$$libshutdown$$00000002      0x0000027e   Section        0  libshutdown2.o(.ARM.Collect$$libshutdown$$00000002)
    .ARM.Collect$$libshutdown$$00000004      0x0000027e   Section        0  libshutdown2.o(.ARM.Collect$$libshutdown$$00000004)
    .ARM.Collect$$libshutdown$$00000007      0x0000027e   Section        0  libshutdown2.o(.ARM.Collect$$libshutdown$$00000007)
    .ARM.Collect$$libshutdown$$0000000A      0x0000027e   Section        0  libshutdown2.o(.ARM.Collect$$libshutdown$$0000000A)
    .ARM.Collect$$libshutdown$$0000000C      0x0000027e   Section        0  libshutdown2.o(.ARM.Collect$$libshutdown$$0000000C)
    .ARM.Collect$$libshutdown$$0000000F      0x0000027e   Section        0  libshutdown2.o(.ARM.Collect$$libshutdown$$0000000F)
    .ARM.Collect$$libshutdown$$00000010      0x0000027e   Section        2  libshutdown2.o(.ARM.Collect$$libshutdown$$00000010)
    .ARM.Collect$$rtentry$$00000000          0x00000280   Section        0  __rtentry.o(.ARM.Collect$$rtentry$$00000000)
    .ARM.Collect$$rtentry$$00000002          0x00000280   Section        0  __rtentry2.o(.ARM.Collect$$rtentry$$00000002)
    .ARM.Collect$$rtentry$$00000004          0x00000280   Section        6  __rtentry4.o(.ARM.Collect$$rtentry$$00000004)
    .ARM.Collect$$rtentry$$00000008          0x00000286   Section        8  __rtentry2.o(.ARM.Collect$$rtentry$$00000008)
    .ARM.Collect$$rtentry$$0000000A          0x0000028e   Section        4  __rtentry2.o(.ARM.Collect$$rtentry$$0000000A)
    .ARM.Collect$$rtentry$$0000000C          0x00000292   Section        0  __rtentry2.o(.ARM.Collect$$rtentry$$0000000C)
    .ARM.Collect$$rtentry$$0000000D          0x00000292   Section        8  __rtentry2.o(.ARM.Collect$$rtentry$$0000000D)
    .ARM.Collect$$rtexit$$00000000           0x0000029a   Section        2  rtexit.o(.ARM.Collect$$rtexit$$00000000)
    .ARM.Collect$$rtexit$$00000002           0x0000029c   Section        0  rtexit2.o(.ARM.Collect$$rtexit$$00000002)
    .ARM.Collect$$rtexit$$00000003           0x0000029c   Section        4  rtexit2.o(.ARM.Collect$$rtexit$$00000003)
    .ARM.Collect$$rtexit$$00000004           0x000002a0   Section        6  rtexit2.o(.ARM.Collect$$rtexit$$00000004)
    .emb_text                                0x000002a8   Section      190  port.o(.emb_text)
    $v0                                      0x000002a8   Number         0  port.o(.emb_text)
    .text                                    0x00000368   Section      300  startup_tm4c129.o(.text)
    $v0                                      0x00000368   Number         0  startup_tm4c129.o(.text)
    .text                                    0x00000494   Section      138  rt_memcpy_v6.o(.text)
    .text                                    0x0000051e   Section        0  heapauxi.o(.text)
    .text                                    0x00000524   Section      100  rt_memcpy_w.o(.text)
    .text                                    0x00000588   Section       74  sys_stackheap_outer.o(.text)
    .text                                    0x000005d2   Section        0  exit.o(.text)
    .text                                    0x000005e4   Section        8  libspace.o(.text)
    .text                                    0x000005ec   Section        0  sys_exit.o(.text)
    .text                                    0x000005f8   Section        2  use_no_semi.o(.text)
    .text                                    0x000005fa   Section        0  indicate_semi.o(.text)
    i.SysTick_Handler                        0x000005fa   Section        0  cmsis_os2.o(i.SysTick_Handler)
    i.SystemInit                             0x00000610   Section        0  system_tm4c129.o(i.SystemInit)
    i._mutex_acquire                         0x00000630   Section        0  clib_arm.o(i._mutex_acquire)
    __tagsym$$used                           0x00000631   Number         0  clib_arm.o(i._mutex_acquire)
    i._mutex_free                            0x00000648   Section        0  clib_arm.o(i._mutex_free)
    __tagsym$$used                           0x00000649   Number         0  clib_arm.o(i._mutex_free)
    i._mutex_initialize                      0x0000067c   Section        0  clib_arm.o(i._mutex_initialize)
    __tagsym$$used                           0x0000067d   Number         0  clib_arm.o(i._mutex_initialize)
    i._mutex_release                         0x000006dc   Section        0  clib_arm.o(i._mutex_release)
    __tagsym$$used                           0x000006dd   Number         0  clib_arm.o(i._mutex_release)
    i._platform_post_stackheap_init          0x000006f4   Section        0  clib_arm.o(i._platform_post_stackheap_init)
    i.check_Encoder                          0x000006f8   Section        0  encoder.o(i.check_Encoder)
    i.config_PortN                           0x00000720   Section        0  encoder.o(i.config_PortN)
    i.config_TimerA                          0x00000774   Section        0  encoder.o(i.config_TimerA)
    i.init_Encoder                           0x000007cc   Section        0  encoder.o(i.init_Encoder)
    i.main                                   0x000007d8   Section        0  main.o(i.main)
    i.measure_Speed                          0x00000834   Section        0  encoder.o(i.measure_Speed)
    i.os_kernel_is_active                    0x00000848   Section        0  clib_arm.o(i.os_kernel_is_active)
    os_kernel_is_active                      0x00000849   Thumb Code    32  clib_arm.o(i.os_kernel_is_active)
    i.prvAddCurrentTaskToDelayedList         0x0000086c   Section        0  tasks.o(i.prvAddCurrentTaskToDelayedList)
    prvAddCurrentTaskToDelayedList           0x0000086d   Thumb Code   100  tasks.o(i.prvAddCurrentTaskToDelayedList)
    i.prvCopyDataToQueue                     0x000008e8   Section        0  queue.o(i.prvCopyDataToQueue)
    prvCopyDataToQueue                       0x000008e9   Thumb Code   126  queue.o(i.prvCopyDataToQueue)
    i.prvGetDisinheritPriorityAfterTimeout   0x00000966   Section        0  queue.o(i.prvGetDisinheritPriorityAfterTimeout)
    prvGetDisinheritPriorityAfterTimeout     0x00000967   Thumb Code    20  queue.o(i.prvGetDisinheritPriorityAfterTimeout)
    i.prvHeapInit                            0x0000097c   Section        0  heap_4.o(i.prvHeapInit)
    prvHeapInit                              0x0000097d   Thumb Code    98  heap_4.o(i.prvHeapInit)
    i.prvInitialiseMutex                     0x000009f8   Section        0  queue.o(i.prvInitialiseMutex)
    prvInitialiseMutex                       0x000009f9   Thumb Code    30  queue.o(i.prvInitialiseMutex)
    i.prvInitialiseNewQueue                  0x00000a16   Section        0  queue.o(i.prvInitialiseNewQueue)
    prvInitialiseNewQueue                    0x00000a17   Thumb Code    42  queue.o(i.prvInitialiseNewQueue)
    i.prvInsertBlockIntoFreeList             0x00000a40   Section        0  heap_4.o(i.prvInsertBlockIntoFreeList)
    prvInsertBlockIntoFreeList               0x00000a41   Thumb Code    96  heap_4.o(i.prvInsertBlockIntoFreeList)
    i.prvIsQueueEmpty                        0x00000aa8   Section        0  queue.o(i.prvIsQueueEmpty)
    prvIsQueueEmpty                          0x00000aa9   Thumb Code    26  queue.o(i.prvIsQueueEmpty)
    i.prvIsQueueFull                         0x00000ac2   Section        0  queue.o(i.prvIsQueueFull)
    prvIsQueueFull                           0x00000ac3   Thumb Code    30  queue.o(i.prvIsQueueFull)
    i.prvResetNextTaskUnblockTime            0x00000ae0   Section        0  tasks.o(i.prvResetNextTaskUnblockTime)
    prvResetNextTaskUnblockTime              0x00000ae1   Thumb Code    42  tasks.o(i.prvResetNextTaskUnblockTime)
    i.prvUnlockQueue                         0x00000b14   Section        0  queue.o(i.prvUnlockQueue)
    prvUnlockQueue                           0x00000b15   Thumb Code   126  queue.o(i.prvUnlockQueue)
    i.pvPortMalloc                           0x00000b94   Section        0  heap_4.o(i.pvPortMalloc)
    i.pvTaskIncrementMutexHeldCount          0x00000c74   Section        0  tasks.o(i.pvTaskIncrementMutexHeldCount)
    i.timer_Off                              0x00000c94   Section        0  encoder.o(i.timer_Off)
    i.timer_On                               0x00000ca8   Section        0  encoder.o(i.timer_On)
    i.uxListRemove                           0x00000cbc   Section        0  list.o(i.uxListRemove)
    i.vApplicationStackOverflowHook          0x00000ce4   Section        0  cmsis_os2.o(i.vApplicationStackOverflowHook)
    i.vListInitialise                        0x00000ce6   Section        0  list.o(i.vListInitialise)
    i.vListInsert                            0x00000d00   Section        0  list.o(i.vListInsert)
    i.vListInsertEnd                         0x00000d34   Section        0  list.o(i.vListInsertEnd)
    i.vPortEnterCritical                     0x00000d4c   Section        0  port.o(i.vPortEnterCritical)
    i.vPortExitCritical                      0x00000d70   Section        0  port.o(i.vPortExitCritical)
    i.vPortFree                              0x00000d90   Section        0  heap_4.o(i.vPortFree)
    i.vQueueDelete                           0x00000de8   Section        0  queue.o(i.vQueueDelete)
    i.vTaskInternalSetTimeOutState           0x00000dfc   Section        0  tasks.o(i.vTaskInternalSetTimeOutState)
    i.vTaskMissedYield                       0x00000e14   Section        0  tasks.o(i.vTaskMissedYield)
    i.vTaskPlaceOnEventList                  0x00000e20   Section        0  tasks.o(i.vTaskPlaceOnEventList)
    i.vTaskPriorityDisinheritAfterTimeout    0x00000e40   Section        0  tasks.o(i.vTaskPriorityDisinheritAfterTimeout)
    i.vTaskSuspendAll                        0x00000ecc   Section        0  tasks.o(i.vTaskSuspendAll)
    i.vTaskSwitchContext                     0x00000edc   Section        0  tasks.o(i.vTaskSwitchContext)
    i.xPortSysTickHandler                    0x00000f8c   Section        0  port.o(i.xPortSysTickHandler)
    i.xQueueCreateMutex                      0x00000fc0   Section        0  queue.o(i.xQueueCreateMutex)
    i.xQueueCreateMutexStatic                0x00000fe2   Section        0  queue.o(i.xQueueCreateMutexStatic)
    i.xQueueGenericCreate                    0x0000100c   Section        0  queue.o(i.xQueueGenericCreate)
    i.xQueueGenericCreateStatic              0x00001046   Section        0  queue.o(i.xQueueGenericCreateStatic)
    i.xQueueGenericReset                     0x00001074   Section        0  queue.o(i.xQueueGenericReset)
    i.xQueueGenericSend                      0x000010f4   Section        0  queue.o(i.xQueueGenericSend)
    i.xQueueSemaphoreTake                    0x0000120c   Section        0  queue.o(i.xQueueSemaphoreTake)
    i.xTaskCheckForTimeOut                   0x0000133c   Section        0  tasks.o(i.xTaskCheckForTimeOut)
    i.xTaskGetSchedulerState                 0x00001398   Section        0  tasks.o(i.xTaskGetSchedulerState)
    i.xTaskIncrementTick                     0x000013b8   Section        0  tasks.o(i.xTaskIncrementTick)
    i.xTaskPriorityDisinherit                0x000014d0   Section        0  tasks.o(i.xTaskPriorityDisinherit)
    i.xTaskPriorityInherit                   0x00001530   Section        0  tasks.o(i.xTaskPriorityInherit)
    i.xTaskRemoveFromEventList               0x000015d4   Section        0  tasks.o(i.xTaskRemoveFromEventList)
    i.xTaskResumeAll                         0x00001654   Section        0  tasks.o(i.xTaskResumeAll)
    x$fpl$fpinit                             0x0000173c   Section       10  fpinit.o(x$fpl$fpinit)
    $v0                                      0x0000173c   Number         0  fpinit.o(x$fpl$fpinit)
    .data                                    0x20000000   Section        4  encoder.o(.data)
    .data                                    0x20000004   Section       12  main.o(.data)
    .data                                    0x20000010   Section        1  clib_arm.o(.data)
    os_kernel_active                         0x20000010   Data           1  clib_arm.o(.data)
    .data                                    0x20000014   Section        4  system_tm4c129.o(.data)
    .data                                    0x20000018   Section       32  heap_4.o(.data)
    xStart                                   0x20000018   Data           8  heap_4.o(.data)
    pxEnd                                    0x20000020   Data           4  heap_4.o(.data)
    xFreeBytesRemaining                      0x20000024   Data           4  heap_4.o(.data)
    xMinimumEverFreeBytesRemaining           0x20000028   Data           4  heap_4.o(.data)
    xNumberOfSuccessfulAllocations           0x2000002c   Data           4  heap_4.o(.data)
    xNumberOfSuccessfulFrees                 0x20000030   Data           4  heap_4.o(.data)
    xBlockAllocatedBit                       0x20000034   Data           4  heap_4.o(.data)
    .data                                    0x20000038   Section        4  port.o(.data)
    uxCriticalNesting                        0x20000038   Data           4  port.o(.data)
    .data                                    0x2000003c   Section       60  tasks.o(.data)
    pxDelayedTaskList                        0x20000040   Data           4  tasks.o(.data)
    pxOverflowDelayedTaskList                0x20000044   Data           4  tasks.o(.data)
    uxDeletedTasksWaitingCleanUp             0x20000048   Data           4  tasks.o(.data)
    uxCurrentNumberOfTasks                   0x2000004c   Data           4  tasks.o(.data)
    xTickCount                               0x20000050   Data           4  tasks.o(.data)
    uxTopReadyPriority                       0x20000054   Data           4  tasks.o(.data)
    xSchedulerRunning                        0x20000058   Data           4  tasks.o(.data)
    xPendedTicks                             0x2000005c   Data           4  tasks.o(.data)
    xYieldPending                            0x20000060   Data           4  tasks.o(.data)
    xNumOfOverflows                          0x20000064   Data           4  tasks.o(.data)
    uxTaskNumber                             0x20000068   Data           4  tasks.o(.data)
    xNextTaskUnblockTime                     0x2000006c   Data           4  tasks.o(.data)
    xIdleTaskHandle                          0x20000070   Data           4  tasks.o(.data)
    uxSchedulerSuspended                     0x20000074   Data           4  tasks.o(.data)
    .bss                                     0x20000078   Section      916  clib_arm.o(.bss)
    os_libspace                              0x20000078   Data         480  clib_arm.o(.bss)
    os_libspace_id                           0x20000258   Data          16  clib_arm.o(.bss)
    clib_mutex_cb                            0x20000268   Data         400  clib_arm.o(.bss)
    clib_mutex_id                            0x200003f8   Data          20  clib_arm.o(.bss)
    .bss                                     0x2000040c   Section     8192  heap_4.o(.bss)
    ucHeap                                   0x2000040c   Data        8192  heap_4.o(.bss)
    .bss                                     0x2000240c   Section     1220  tasks.o(.bss)
    pxReadyTasksLists                        0x2000240c   Data        1120  tasks.o(.bss)
    xDelayedTaskList1                        0x2000286c   Data          20  tasks.o(.bss)
    xDelayedTaskList2                        0x20002880   Data          20  tasks.o(.bss)
    xPendingReadyList                        0x20002894   Data          20  tasks.o(.bss)
    xTasksWaitingTermination                 0x200028a8   Data          20  tasks.o(.bss)
    xSuspendedTaskList                       0x200028bc   Data          20  tasks.o(.bss)
    .bss                                     0x200028d0   Section       96  libspace.o(.bss)
    HEAP                                     0x20002930   Section        0  startup_tm4c129.o(HEAP)
    STACK                                    0x20002930   Section      512  startup_tm4c129.o(STACK)
    Heap_Mem                                 0x20002930   Data           0  startup_tm4c129.o(HEAP)
    Stack_Mem                                0x20002930   Data         512  startup_tm4c129.o(STACK)
    __initial_sp                             0x20002b30   Data           0  startup_tm4c129.o(STACK)

    Global Symbols

    Symbol Name                              Value     Ov Type        Size  Object(Section)

    BuildAttributes$$THM_ISAv4$E$P$D$K$B$S$7EM$VFPi3$EXTD16$VFPS$VFMA$PE$A:L22UL41UL21$X:L11$S22US41US21$IEEE1$IW$USESV6$~STKCKD$USESV7$~SHL$OSPACE$ROPI$EBA8$UX$STANDARDLIB$REQ8$PRES8$EABIv2 0x00000000   Number         0  anon$$obj.o ABSOLUTE
    __ARM_use_no_argv                        0x00000000   Number         0  main.o ABSOLUTE
    __Vectors                                0x00000000   Data           4  startup_tm4c129.o(RESET)
    __ARM_exceptions_init                     - Undefined Weak Reference
    __alloca_initialize                       - Undefined Weak Reference
    __arm_preinit_                            - Undefined Weak Reference
    __cpp_initialize__aeabi_                  - Undefined Weak Reference
    __cxa_finalize                            - Undefined Weak Reference
    __rt_locale                               - Undefined Weak Reference
    __sigvec_lookup                           - Undefined Weak Reference
    _atexit_init                              - Undefined Weak Reference
    _call_atexit_fns                          - Undefined Weak Reference
    _clock_init                               - Undefined Weak Reference
    _fp_trap_init                             - Undefined Weak Reference
    _fp_trap_shutdown                         - Undefined Weak Reference
    _get_lc_collate                           - Undefined Weak Reference
    _get_lc_ctype                             - Undefined Weak Reference
    _get_lc_monetary                          - Undefined Weak Reference
    _get_lc_numeric                           - Undefined Weak Reference
    _get_lc_time                              - Undefined Weak Reference
    _getenv_init                              - Undefined Weak Reference
    _handle_redirection                       - Undefined Weak Reference
    _init_alloc                               - Undefined Weak Reference
    _init_user_alloc                          - Undefined Weak Reference
    _initio                                   - Undefined Weak Reference
    _rand_init                                - Undefined Weak Reference
    _signal_finish                            - Undefined Weak Reference
    _signal_init                              - Undefined Weak Reference
    _terminate_alloc                          - Undefined Weak Reference
    _terminate_user_alloc                     - Undefined Weak Reference
    _terminateio                              - Undefined Weak Reference
    __Vectors_End                            0x00000200   Data           0  startup_tm4c129.o(RESET)
    __Vectors_Size                           0x00000200   Number         0  startup_tm4c129.o ABSOLUTE
    __main                                   0x00000201   Thumb Code     8  __main.o(!!!main)
    __scatterload                            0x00000209   Thumb Code     0  __scatter.o(!!!scatter)
    __scatterload_rt2                        0x00000209   Thumb Code    44  __scatter.o(!!!scatter)
    __scatterload_rt2_thumb_only             0x00000209   Thumb Code     0  __scatter.o(!!!scatter)
    __scatterload_null                       0x00000217   Thumb Code     0  __scatter.o(!!!scatter)
    __scatterload_copy                       0x0000023d   Thumb Code    26  __scatter_copy.o(!!handler_copy)
    __scatterload_zeroinit                   0x00000259   Thumb Code    28  __scatter_zi.o(!!handler_zi)
    __rt_lib_init                            0x00000275   Thumb Code     0  libinit.o(.ARM.Collect$$libinit$$00000000)
    __rt_lib_init_fp_1                       0x00000277   Thumb Code     0  libinit2.o(.ARM.Collect$$libinit$$00000001)
    __rt_lib_init_alloca_1                   0x0000027b   Thumb Code     0  libinit2.o(.ARM.Collect$$libinit$$0000002E)
    __rt_lib_init_argv_1                     0x0000027b   Thumb Code     0  libinit2.o(.ARM.Collect$$libinit$$0000002C)
    __rt_lib_init_atexit_1                   0x0000027b   Thumb Code     0  libinit2.o(.ARM.Collect$$libinit$$0000001B)
    __rt_lib_init_clock_1                    0x0000027b   Thumb Code     0  libinit2.o(.ARM.Collect$$libinit$$00000021)
    __rt_lib_init_cpp_1                      0x0000027b   Thumb Code     0  libinit2.o(.ARM.Collect$$libinit$$00000032)
    __rt_lib_init_exceptions_1               0x0000027b   Thumb Code     0  libinit2.o(.ARM.Collect$$libinit$$00000030)
    __rt_lib_init_fp_trap_1                  0x0000027b   Thumb Code     0  libinit2.o(.ARM.Collect$$libinit$$0000001F)
    __rt_lib_init_getenv_1                   0x0000027b   Thumb Code     0  libinit2.o(.ARM.Collect$$libinit$$00000023)
    __rt_lib_init_heap_1                     0x0000027b   Thumb Code     0  libinit2.o(.ARM.Collect$$libinit$$0000000A)
    __rt_lib_init_lc_collate_1               0x0000027b   Thumb Code     0  libinit2.o(.ARM.Collect$$libinit$$00000011)
    __rt_lib_init_lc_ctype_1                 0x0000027b   Thumb Code     0  libinit2.o(.ARM.Collect$$libinit$$00000013)
    __rt_lib_init_lc_monetary_1              0x0000027b   Thumb Code     0  libinit2.o(.ARM.Collect$$libinit$$00000015)
    __rt_lib_init_lc_numeric_1               0x0000027b   Thumb Code     0  libinit2.o(.ARM.Collect$$libinit$$00000017)
    __rt_lib_init_lc_time_1                  0x0000027b   Thumb Code     0  libinit2.o(.ARM.Collect$$libinit$$00000019)
    __rt_lib_init_preinit_1                  0x0000027b   Thumb Code     0  libinit2.o(.ARM.Collect$$libinit$$00000004)
    __rt_lib_init_rand_1                     0x0000027b   Thumb Code     0  libinit2.o(.ARM.Collect$$libinit$$0000000E)
    __rt_lib_init_return                     0x0000027b   Thumb Code     0  libinit2.o(.ARM.Collect$$libinit$$00000033)
    __rt_lib_init_signal_1                   0x0000027b   Thumb Code     0  libinit2.o(.ARM.Collect$$libinit$$0000001D)
    __rt_lib_init_stdio_1                    0x0000027b   Thumb Code     0  libinit2.o(.ARM.Collect$$libinit$$00000025)
    __rt_lib_init_user_alloc_1               0x0000027b   Thumb Code     0  libinit2.o(.ARM.Collect$$libinit$$0000000C)
    __rt_lib_shutdown                        0x0000027d   Thumb Code     0  libshutdown.o(.ARM.Collect$$libshutdown$$00000000)
    __rt_lib_shutdown_cpp_1                  0x0000027f   Thumb Code     0  libshutdown2.o(.ARM.Collect$$libshutdown$$00000002)
    __rt_lib_shutdown_fp_trap_1              0x0000027f   Thumb Code     0  libshutdown2.o(.ARM.Collect$$libshutdown$$00000007)
    __rt_lib_shutdown_heap_1                 0x0000027f   Thumb Code     0  libshutdown2.o(.ARM.Collect$$libshutdown$$0000000F)
    __rt_lib_shutdown_return                 0x0000027f   Thumb Code     0  libshutdown2.o(.ARM.Collect$$libshutdown$$00000010)
    __rt_lib_shutdown_signal_1               0x0000027f   Thumb Code     0  libshutdown2.o(.ARM.Collect$$libshutdown$$0000000A)
    __rt_lib_shutdown_stdio_1                0x0000027f   Thumb Code     0  libshutdown2.o(.ARM.Collect$$libshutdown$$00000004)
    __rt_lib_shutdown_user_alloc_1           0x0000027f   Thumb Code     0  libshutdown2.o(.ARM.Collect$$libshutdown$$0000000C)
    __rt_entry                               0x00000281   Thumb Code     0  __rtentry.o(.ARM.Collect$$rtentry$$00000000)
    __rt_entry_presh_1                       0x00000281   Thumb Code     0  __rtentry2.o(.ARM.Collect$$rtentry$$00000002)
    __rt_entry_sh                            0x00000281   Thumb Code     0  __rtentry4.o(.ARM.Collect$$rtentry$$00000004)
    __rt_entry_postsh_1                      0x00000287   Thumb Code     0  __rtentry2.o(.ARM.Collect$$rtentry$$00000008)
    __rt_entry_li                            0x0000028f   Thumb Code     0  __rtentry2.o(.ARM.Collect$$rtentry$$0000000A)
    __rt_entry_main                          0x00000293   Thumb Code     0  __rtentry2.o(.ARM.Collect$$rtentry$$0000000D)
    __rt_entry_postli_1                      0x00000293   Thumb Code     0  __rtentry2.o(.ARM.Collect$$rtentry$$0000000C)
    __rt_exit                                0x0000029b   Thumb Code     0  rtexit.o(.ARM.Collect$$rtexit$$00000000)
    __rt_exit_ls                             0x0000029d   Thumb Code     0  rtexit2.o(.ARM.Collect$$rtexit$$00000003)
    __rt_exit_prels_1                        0x0000029d   Thumb Code     0  rtexit2.o(.ARM.Collect$$rtexit$$00000002)
    __rt_exit_exit                           0x000002a1   Thumb Code     0  rtexit2.o(.ARM.Collect$$rtexit$$00000004)
    SVC_Handler                              0x000002a9   Thumb Code    28  port.o(.emb_text)
    __asm___6_port_c_39a90d8d__prvStartFirstTask 0x000002c9   Thumb Code    36  port.o(.emb_text)
    __asm___6_port_c_39a90d8d__prvEnableVFP  0x000002f1   Thumb Code    16  port.o(.emb_text)
    PendSV_Handler                           0x00000305   Thumb Code    88  port.o(.emb_text)
    vPortGetIPSR                             0x00000361   Thumb Code     6  port.o(.emb_text)
    Reset_Handler                            0x00000369   Thumb Code     8  startup_tm4c129.o(.text)
    NMI_Handler                              0x00000371   Thumb Code     2  startup_tm4c129.o(.text)
    HardFault_Handler                        0x00000373   Thumb Code     2  startup_tm4c129.o(.text)
    MemManage_Handler                        0x00000375   Thumb Code     2  startup_tm4c129.o(.text)
    BusFault_Handler                         0x00000377   Thumb Code     2  startup_tm4c129.o(.text)
    UsageFault_Handler                       0x00000379   Thumb Code     2  startup_tm4c129.o(.text)
    DebugMon_Handler                         0x0000037d   Thumb Code     2  startup_tm4c129.o(.text)
    GPIOA_Handler                            0x00000383   Thumb Code     2  startup_tm4c129.o(.text)
    GPIOB_Handler                            0x00000385   Thumb Code     2  startup_tm4c129.o(.text)
    GPIOC_Handler                            0x00000387   Thumb Code     2  startup_tm4c129.o(.text)
    GPIOD_Handler                            0x00000389   Thumb Code     2  startup_tm4c129.o(.text)
    GPIOE_Handler                            0x0000038b   Thumb Code     2  startup_tm4c129.o(.text)
    UART0_Handler                            0x0000038d   Thumb Code     2  startup_tm4c129.o(.text)
    UART1_Handler                            0x0000038f   Thumb Code     2  startup_tm4c129.o(.text)
    SSI0_Handler                             0x00000391   Thumb Code     2  startup_tm4c129.o(.text)
    I2C0_Handler                             0x00000393   Thumb Code     2  startup_tm4c129.o(.text)
    PMW0_FAULT_Handler                       0x00000395   Thumb Code     2  startup_tm4c129.o(.text)
    PWM0_0_Handler                           0x00000397   Thumb Code     2  startup_tm4c129.o(.text)
    PWM0_1_Handler                           0x00000399   Thumb Code     2  startup_tm4c129.o(.text)
    PWM0_2_Handler                           0x0000039b   Thumb Code     2  startup_tm4c129.o(.text)
    QEI0_Handler                             0x0000039d   Thumb Code     2  startup_tm4c129.o(.text)
    ADC0SS0_Handler                          0x0000039f   Thumb Code     2  startup_tm4c129.o(.text)
    ADC0SS1_Handler                          0x000003a1   Thumb Code     2  startup_tm4c129.o(.text)
    ADC0SS2_Handler                          0x000003a3   Thumb Code     2  startup_tm4c129.o(.text)
    ADC0SS3_Handler                          0x000003a5   Thumb Code     2  startup_tm4c129.o(.text)
    WDT0_Handler                             0x000003a7   Thumb Code     2  startup_tm4c129.o(.text)
    TIMER0A_Handler                          0x000003a9   Thumb Code     2  startup_tm4c129.o(.text)
    TIMER0B_Handler                          0x000003ab   Thumb Code     2  startup_tm4c129.o(.text)
    TIMER1A_Handler                          0x000003ad   Thumb Code     2  startup_tm4c129.o(.text)
    TIMER1B_Handler                          0x000003af   Thumb Code     2  startup_tm4c129.o(.text)
    TIMER2A_Handler                          0x000003b1   Thumb Code     2  startup_tm4c129.o(.text)
    TIMER2B_Handler                          0x000003b3   Thumb Code     2  startup_tm4c129.o(.text)
    COMP0_Handler                            0x000003b5   Thumb Code     2  startup_tm4c129.o(.text)
    COMP1_Handler                            0x000003b7   Thumb Code     2  startup_tm4c129.o(.text)
    COMP2_Handler                            0x000003b9   Thumb Code     2  startup_tm4c129.o(.text)
    SYSCTL_Handler                           0x000003bb   Thumb Code     2  startup_tm4c129.o(.text)
    FLASH_Handler                            0x000003bd   Thumb Code     2  startup_tm4c129.o(.text)
    GPIOF_Handler                            0x000003bf   Thumb Code     2  startup_tm4c129.o(.text)
    GPIOG_Handler                            0x000003c1   Thumb Code     2  startup_tm4c129.o(.text)
    GPIOH_Handler                            0x000003c3   Thumb Code     2  startup_tm4c129.o(.text)
    UART2_Handler                            0x000003c5   Thumb Code     2  startup_tm4c129.o(.text)
    SSI1_Handler                             0x000003c7   Thumb Code     2  startup_tm4c129.o(.text)
    TIMER3A_Handler                          0x000003c9   Thumb Code     2  startup_tm4c129.o(.text)
    TIMER3B_Handler                          0x000003cb   Thumb Code     2  startup_tm4c129.o(.text)
    I2C1_Handler                             0x000003cd   Thumb Code     2  startup_tm4c129.o(.text)
    CAN0_Handler                             0x000003cf   Thumb Code     2  startup_tm4c129.o(.text)
    CAN1_Handler                             0x000003d1   Thumb Code     2  startup_tm4c129.o(.text)
    ETH_Handler                              0x000003d3   Thumb Code     2  startup_tm4c129.o(.text)
    HIB_Handler                              0x000003d5   Thumb Code     2  startup_tm4c129.o(.text)
    USB0_Handler                             0x000003d7   Thumb Code     2  startup_tm4c129.o(.text)
    PWM0_3_Handler                           0x000003d9   Thumb Code     2  startup_tm4c129.o(.text)
    UDMA_Handler                             0x000003db   Thumb Code     2  startup_tm4c129.o(.text)
    UDMAERR_Handler                          0x000003dd   Thumb Code     2  startup_tm4c129.o(.text)
    ADC1SS0_Handler                          0x000003df   Thumb Code     2  startup_tm4c129.o(.text)
    ADC1SS1_Handler                          0x000003e1   Thumb Code     2  startup_tm4c129.o(.text)
    ADC1SS2_Handler                          0x000003e3   Thumb Code     2  startup_tm4c129.o(.text)
    ADC1SS3_Handler                          0x000003e5   Thumb Code     2  startup_tm4c129.o(.text)
    EBI0_Handler                             0x000003e7   Thumb Code     2  startup_tm4c129.o(.text)
    GPIOJ_Handler                            0x000003e9   Thumb Code     2  startup_tm4c129.o(.text)
    GPIOK_Handler                            0x000003eb   Thumb Code     2  startup_tm4c129.o(.text)
    GPIOL_Handler                            0x000003ed   Thumb Code     2  startup_tm4c129.o(.text)
    SSI2_Handler                             0x000003ef   Thumb Code     2  startup_tm4c129.o(.text)
    SSI3_Handler                             0x000003f1   Thumb Code     2  startup_tm4c129.o(.text)
    UART3_Handler                            0x000003f3   Thumb Code     2  startup_tm4c129.o(.text)
    UART4_Handler                            0x000003f5   Thumb Code     2  startup_tm4c129.o(.text)
    UART5_Handler                            0x000003f7   Thumb Code     2  startup_tm4c129.o(.text)
    UART6_Handler                            0x000003f9   Thumb Code     2  startup_tm4c129.o(.text)
    UART7_Handler                            0x000003fb   Thumb Code     2  startup_tm4c129.o(.text)
    I2C2_Handler                             0x000003fd   Thumb Code     2  startup_tm4c129.o(.text)
    I2C3_Handler                             0x000003ff   Thumb Code     2  startup_tm4c129.o(.text)
    TIMER4A_Handler                          0x00000401   Thumb Code     2  startup_tm4c129.o(.text)
    TIMER4B_Handler                          0x00000403   Thumb Code     2  startup_tm4c129.o(.text)
    TIMER5A_Handler                          0x00000405   Thumb Code     2  startup_tm4c129.o(.text)
    TIMER5B_Handler                          0x00000407   Thumb Code     2  startup_tm4c129.o(.text)
    WTIMER0A_Handler                         0x00000409   Thumb Code     2  startup_tm4c129.o(.text)
    WTIMER0B_Handler                         0x0000040b   Thumb Code     2  startup_tm4c129.o(.text)
    WTIMER1A_Handler                         0x0000040d   Thumb Code     2  startup_tm4c129.o(.text)
    WTIMER1B_Handler                         0x0000040f   Thumb Code     2  startup_tm4c129.o(.text)
    WTIMER2A_Handler                         0x00000411   Thumb Code     2  startup_tm4c129.o(.text)
    WTIMER2B_Handler                         0x00000413   Thumb Code     2  startup_tm4c129.o(.text)
    WTIMER3A_Handler                         0x00000415   Thumb Code     2  startup_tm4c129.o(.text)
    WTIMER3B_Handler                         0x00000417   Thumb Code     2  startup_tm4c129.o(.text)
    WTIMER4A_Handler                         0x00000419   Thumb Code     2  startup_tm4c129.o(.text)
    WTIMER4B_Handler                         0x0000041b   Thumb Code     2  startup_tm4c129.o(.text)
    WTIMER5A_Handler                         0x0000041d   Thumb Code     2  startup_tm4c129.o(.text)
    WTIMER5B_Handler                         0x0000041f   Thumb Code     2  startup_tm4c129.o(.text)
    FPU_Handler                              0x00000421   Thumb Code     2  startup_tm4c129.o(.text)
    I2C4_Handler                             0x00000423   Thumb Code     2  startup_tm4c129.o(.text)
    I2C5_Handler                             0x00000425   Thumb Code     2  startup_tm4c129.o(.text)
    GPIOM_Handler                            0x00000427   Thumb Code     2  startup_tm4c129.o(.text)
    GPION_Handler                            0x00000429   Thumb Code     2  startup_tm4c129.o(.text)
    TAMPER_Handler                           0x0000042b   Thumb Code     2  startup_tm4c129.o(.text)
    GPIOP0_Handler                           0x0000042d   Thumb Code     2  startup_tm4c129.o(.text)
    GPIOP1_Handler                           0x0000042f   Thumb Code     2  startup_tm4c129.o(.text)
    GPIOP2_Handler                           0x00000431   Thumb Code     2  startup_tm4c129.o(.text)
    GPIOP3_Handler                           0x00000433   Thumb Code     2  startup_tm4c129.o(.text)
    GPIOP4_Handler                           0x00000435   Thumb Code     2  startup_tm4c129.o(.text)
    GPIOP5_Handler                           0x00000437   Thumb Code     2  startup_tm4c129.o(.text)
    GPIOP6_Handler                           0x00000439   Thumb Code     2  startup_tm4c129.o(.text)
    GPIOP7_Handler                           0x0000043b   Thumb Code     2  startup_tm4c129.o(.text)
    GPIOQ0_Handler                           0x0000043d   Thumb Code     2  startup_tm4c129.o(.text)
    GPIOQ1_Handler                           0x0000043f   Thumb Code     2  startup_tm4c129.o(.text)
    GPIOQ2_Handler                           0x00000441   Thumb Code     2  startup_tm4c129.o(.text)
    GPIOQ3_Handler                           0x00000443   Thumb Code     2  startup_tm4c129.o(.text)
    GPIOQ4_Handler                           0x00000445   Thumb Code     2  startup_tm4c129.o(.text)
    GPIOQ5_Handler                           0x00000447   Thumb Code     2  startup_tm4c129.o(.text)
    GPIOQ6_Handler                           0x00000449   Thumb Code     2  startup_tm4c129.o(.text)
    GPIOQ7_Handler                           0x0000044b   Thumb Code     2  startup_tm4c129.o(.text)
    GPIOR_Handler                            0x0000044d   Thumb Code     2  startup_tm4c129.o(.text)
    GPIOS_Handler                            0x0000044f   Thumb Code     2  startup_tm4c129.o(.text)
    SHAMD5_Handler                           0x00000451   Thumb Code     2  startup_tm4c129.o(.text)
    AES_Handler                              0x00000453   Thumb Code     2  startup_tm4c129.o(.text)
    DES3DES_Handler                          0x00000455   Thumb Code     2  startup_tm4c129.o(.text)
    LCDCONTROLLER_Handler                    0x00000457   Thumb Code     2  startup_tm4c129.o(.text)
    TIMER6A_Handler                          0x00000459   Thumb Code     2  startup_tm4c129.o(.text)
    TIMER6B_Handler                          0x0000045b   Thumb Code     2  startup_tm4c129.o(.text)
    TIMER7A_Handler                          0x0000045d   Thumb Code     2  startup_tm4c129.o(.text)
    TIMER7B_Handler                          0x0000045f   Thumb Code     2  startup_tm4c129.o(.text)
    I2C6_Handler                             0x00000461   Thumb Code     2  startup_tm4c129.o(.text)
    I2C7_Handler                             0x00000463   Thumb Code     2  startup_tm4c129.o(.text)
    HIMSCANKEYBOARD_Handler                  0x00000465   Thumb Code     2  startup_tm4c129.o(.text)
    ONEWIRE_Handler                          0x00000467   Thumb Code     2  startup_tm4c129.o(.text)
    HIMPS2_Handler                           0x00000469   Thumb Code     2  startup_tm4c129.o(.text)
    HIMLEDSEQUENCER_Handler                  0x0000046b   Thumb Code     2  startup_tm4c129.o(.text)
    HIMCONSUMERIR_Handler                    0x0000046d   Thumb Code     2  startup_tm4c129.o(.text)
    I2C8_Handler                             0x0000046f   Thumb Code     2  startup_tm4c129.o(.text)
    I2C9_Handler                             0x00000471   Thumb Code     2  startup_tm4c129.o(.text)
    GPIOT_Handler                            0x00000473   Thumb Code     2  startup_tm4c129.o(.text)
    __user_initial_stackheap                 0x00000475   Thumb Code     0  startup_tm4c129.o(.text)
    __aeabi_memcpy                           0x00000495   Thumb Code     0  rt_memcpy_v6.o(.text)
    __rt_memcpy                              0x00000495   Thumb Code   138  rt_memcpy_v6.o(.text)
    _memcpy_lastbytes                        0x000004fb   Thumb Code     0  rt_memcpy_v6.o(.text)
    __use_two_region_memory                  0x0000051f   Thumb Code     2  heapauxi.o(.text)
    __rt_heap_escrow$2region                 0x00000521   Thumb Code     2  heapauxi.o(.text)
    __rt_heap_expand$2region                 0x00000523   Thumb Code     2  heapauxi.o(.text)
    __aeabi_memcpy4                          0x00000525   Thumb Code     0  rt_memcpy_w.o(.text)
    __aeabi_memcpy8                          0x00000525   Thumb Code     0  rt_memcpy_w.o(.text)
    __rt_memcpy_w                            0x00000525   Thumb Code   100  rt_memcpy_w.o(.text)
    _memcpy_lastbytes_aligned                0x0000056d   Thumb Code     0  rt_memcpy_w.o(.text)
    __user_setup_stackheap                   0x00000589   Thumb Code    74  sys_stackheap_outer.o(.text)
    exit                                     0x000005d3   Thumb Code    18  exit.o(.text)
    __user_libspace                          0x000005e5   Thumb Code     8  libspace.o(.text)
    __user_perproc_libspace                  0x000005e5   Thumb Code     0  libspace.o(.text)
    _sys_exit                                0x000005ed   Thumb Code     8  sys_exit.o(.text)
    __I$use$semihosting                      0x000005f9   Thumb Code     0  use_no_semi.o(.text)
    __use_no_semihosting_swi                 0x000005f9   Thumb Code     2  use_no_semi.o(.text)
    SysTick_Handler                          0x000005fb   Thumb Code    22  cmsis_os2.o(i.SysTick_Handler)
    __semihosting_library_function           0x000005fb   Thumb Code     0  indicate_semi.o(.text)
    SystemInit                               0x00000611   Thumb Code    20  system_tm4c129.o(i.SystemInit)
    _mutex_acquire                           0x00000631   Thumb Code    22  clib_arm.o(i._mutex_acquire)
    _mutex_free                              0x00000649   Thumb Code    46  clib_arm.o(i._mutex_free)
    _mutex_initialize                        0x0000067d   Thumb Code    86  clib_arm.o(i._mutex_initialize)
    _mutex_release                           0x000006dd   Thumb Code    24  clib_arm.o(i._mutex_release)
    _platform_post_stackheap_init            0x000006f5   Thumb Code     2  clib_arm.o(i._platform_post_stackheap_init)
    check_Encoder                            0x000006f9   Thumb Code    32  encoder.o(i.check_Encoder)
    config_PortN                             0x00000721   Thumb Code    70  encoder.o(i.config_PortN)
    config_TimerA                            0x00000775   Thumb Code    72  encoder.o(i.config_TimerA)
    init_Encoder                             0x000007cd   Thumb Code    12  encoder.o(i.init_Encoder)
    main                                     0x000007d9   Thumb Code    78  main.o(i.main)
    measure_Speed                            0x00000835   Thumb Code    18  encoder.o(i.measure_Speed)
    pvPortMalloc                             0x00000b95   Thumb Code   198  heap_4.o(i.pvPortMalloc)
    pvTaskIncrementMutexHeldCount            0x00000c75   Thumb Code    26  tasks.o(i.pvTaskIncrementMutexHeldCount)
    timer_Off                                0x00000c95   Thumb Code    14  encoder.o(i.timer_Off)
    timer_On                                 0x00000ca9   Thumb Code    14  encoder.o(i.timer_On)
    uxListRemove                             0x00000cbd   Thumb Code    40  list.o(i.uxListRemove)
    vApplicationStackOverflowHook            0x00000ce5   Thumb Code     2  cmsis_os2.o(i.vApplicationStackOverflowHook)
    vListInitialise                          0x00000ce7   Thumb Code    26  list.o(i.vListInitialise)
    vListInsert                              0x00000d01   Thumb Code    52  list.o(i.vListInsert)
    vListInsertEnd                           0x00000d35   Thumb Code    24  list.o(i.vListInsertEnd)
    vPortEnterCritical                       0x00000d4d   Thumb Code    30  port.o(i.vPortEnterCritical)
    vPortExitCritical                        0x00000d71   Thumb Code    28  port.o(i.vPortExitCritical)
    vPortFree                                0x00000d91   Thumb Code    74  heap_4.o(i.vPortFree)
    vQueueDelete                             0x00000de9   Thumb Code    20  queue.o(i.vQueueDelete)
    vTaskInternalSetTimeOutState             0x00000dfd   Thumb Code    14  tasks.o(i.vTaskInternalSetTimeOutState)
    vTaskMissedYield                         0x00000e15   Thumb Code     8  tasks.o(i.vTaskMissedYield)
    vTaskPlaceOnEventList                    0x00000e21   Thumb Code    28  tasks.o(i.vTaskPlaceOnEventList)
    vTaskPriorityDisinheritAfterTimeout      0x00000e41   Thumb Code   130  tasks.o(i.vTaskPriorityDisinheritAfterTimeout)
    vTaskSuspendAll                          0x00000ecd   Thumb Code    12  tasks.o(i.vTaskSuspendAll)
    vTaskSwitchContext                       0x00000edd   Thumb Code   154  tasks.o(i.vTaskSwitchContext)
    xPortSysTickHandler                      0x00000f8d   Thumb Code    46  port.o(i.xPortSysTickHandler)
    xQueueCreateMutex                        0x00000fc1   Thumb Code    34  queue.o(i.xQueueCreateMutex)
    xQueueCreateMutexStatic                  0x00000fe3   Thumb Code    42  queue.o(i.xQueueCreateMutexStatic)
    xQueueGenericCreate                      0x0000100d   Thumb Code    58  queue.o(i.xQueueGenericCreate)
    xQueueGenericCreateStatic                0x00001047   Thumb Code    46  queue.o(i.xQueueGenericCreateStatic)
    xQueueGenericReset                       0x00001075   Thumb Code   122  queue.o(i.xQueueGenericReset)
    xQueueGenericSend                        0x000010f5   Thumb Code   276  queue.o(i.xQueueGenericSend)
    xQueueSemaphoreTake                      0x0000120d   Thumb Code   300  queue.o(i.xQueueSemaphoreTake)
    xTaskCheckForTimeOut                     0x0000133d   Thumb Code    84  tasks.o(i.xTaskCheckForTimeOut)
    xTaskGetSchedulerState                   0x00001399   Thumb Code    24  tasks.o(i.xTaskGetSchedulerState)
    xTaskIncrementTick                       0x000013b9   Thumb Code   236  tasks.o(i.xTaskIncrementTick)
    xTaskPriorityDisinherit                  0x000014d1   Thumb Code    86  tasks.o(i.xTaskPriorityDisinherit)
    xTaskPriorityInherit                     0x00001531   Thumb Code   150  tasks.o(i.xTaskPriorityInherit)
    xTaskRemoveFromEventList                 0x000015d5   Thumb Code   102  tasks.o(i.xTaskRemoveFromEventList)
    xTaskResumeAll                           0x00001655   Thumb Code   194  tasks.o(i.xTaskResumeAll)
    _fp_init                                 0x0000173d   Thumb Code    10  fpinit.o(x$fpl$fpinit)
    __fplib_config_fpu_vfp                   0x00001745   Thumb Code     0  fpinit.o(x$fpl$fpinit)
    __fplib_config_pureend_doubles           0x00001745   Thumb Code     0  fpinit.o(x$fpl$fpinit)
    Region$$Table$$Base                      0x00001748   Number         0  anon$$obj.o(Region$$Table)
    Region$$Table$$Limit                     0x00001768   Number         0  anon$$obj.o(Region$$Table)
    last_data                                0x20000000   Data           4  encoder.o(.data)
    pulses                                   0x20000004   Data           4  main.o(.data)
    currentSpeed                             0x20000008   Data           4  main.o(.data)
    userSpeed                                0x2000000c   Data           4  main.o(.data)
    SystemCoreClock                          0x20000014   Data           4  system_tm4c129.o(.data)
    pxCurrentTCB                             0x2000003c   Data           4  tasks.o(.data)
    __libspace_start                         0x200028d0   Data          96  libspace.o(.bss)
    __temporary_stack_top$libspace           0x20002930   Data           0  libspace.o(.bss)



==============================================================================

Memory Map of the image

  Image Entry point : 0x00000369

  Load Region LR_1 (Base: 0x00000000, Size: 0x000017e0, Max: 0xffffffff, ABSOLUTE)

    Execution Region ER_RO (Exec base: 0x00000000, Load base: 0x00000000, Size: 0x00001768, Max: 0xffffffff, ABSOLUTE)

    Exec Addr    Load Addr    Size         Type   Attr      Idx    E Section Name        Object

    0x00000000   0x00000000   0x00000200   Data   RO          845    RESET               startup_tm4c129.o
    0x00000200   0x00000200   0x00000008   Code   RO         2053  * !!!main             c_w.l(__main.o)
    0x00000208   0x00000208   0x00000034   Code   RO         2214    !!!scatter          c_w.l(__scatter.o)
    0x0000023c   0x0000023c   0x0000001a   Code   RO         2216    !!handler_copy      c_w.l(__scatter_copy.o)
    0x00000256   0x00000256   0x00000002   PAD
    0x00000258   0x00000258   0x0000001c   Code   RO         2218    !!handler_zi        c_w.l(__scatter_zi.o)
    0x00000274   0x00000274   0x00000002   Code   RO         2084    .ARM.Collect$$libinit$$00000000  c_w.l(libinit.o)
    0x00000276   0x00000276   0x00000004   Code   RO         2090    .ARM.Collect$$libinit$$00000001  c_w.l(libinit2.o)
    0x0000027a   0x0000027a   0x00000000   Code   RO         2093    .ARM.Collect$$libinit$$00000004  c_w.l(libinit2.o)
    0x0000027a   0x0000027a   0x00000000   Code   RO         2096    .ARM.Collect$$libinit$$0000000A  c_w.l(libinit2.o)
    0x0000027a   0x0000027a   0x00000000   Code   RO         2098    .ARM.Collect$$libinit$$0000000C  c_w.l(libinit2.o)
    0x0000027a   0x0000027a   0x00000000   Code   RO         2100    .ARM.Collect$$libinit$$0000000E  c_w.l(libinit2.o)
    0x0000027a   0x0000027a   0x00000000   Code   RO         2103    .ARM.Collect$$libinit$$00000011  c_w.l(libinit2.o)
    0x0000027a   0x0000027a   0x00000000   Code   RO         2105    .ARM.Collect$$libinit$$00000013  c_w.l(libinit2.o)
    0x0000027a   0x0000027a   0x00000000   Code   RO         2107    .ARM.Collect$$libinit$$00000015  c_w.l(libinit2.o)
    0x0000027a   0x0000027a   0x00000000   Code   RO         2109    .ARM.Collect$$libinit$$00000017  c_w.l(libinit2.o)
    0x0000027a   0x0000027a   0x00000000   Code   RO         2111    .ARM.Collect$$libinit$$00000019  c_w.l(libinit2.o)
    0x0000027a   0x0000027a   0x00000000   Code   RO         2113    .ARM.Collect$$libinit$$0000001B  c_w.l(libinit2.o)
    0x0000027a   0x0000027a   0x00000000   Code   RO         2115    .ARM.Collect$$libinit$$0000001D  c_w.l(libinit2.o)
    0x0000027a   0x0000027a   0x00000000   Code   RO         2117    .ARM.Collect$$libinit$$0000001F  c_w.l(libinit2.o)
    0x0000027a   0x0000027a   0x00000000   Code   RO         2119    .ARM.Collect$$libinit$$00000021  c_w.l(libinit2.o)
    0x0000027a   0x0000027a   0x00000000   Code   RO         2121    .ARM.Collect$$libinit$$00000023  c_w.l(libinit2.o)
    0x0000027a   0x0000027a   0x00000000   Code   RO         2123    .ARM.Collect$$libinit$$00000025  c_w.l(libinit2.o)
    0x0000027a   0x0000027a   0x00000000   Code   RO         2127    .ARM.Collect$$libinit$$0000002C  c_w.l(libinit2.o)
    0x0000027a   0x0000027a   0x00000000   Code   RO         2129    .ARM.Collect$$libinit$$0000002E  c_w.l(libinit2.o)
    0x0000027a   0x0000027a   0x00000000   Code   RO         2131    .ARM.Collect$$libinit$$00000030  c_w.l(libinit2.o)
    0x0000027a   0x0000027a   0x00000000   Code   RO         2133    .ARM.Collect$$libinit$$00000032  c_w.l(libinit2.o)
    0x0000027a   0x0000027a   0x00000002   Code   RO         2134    .ARM.Collect$$libinit$$00000033  c_w.l(libinit2.o)
    0x0000027c   0x0000027c   0x00000002   Code   RO         2154    .ARM.Collect$$libshutdown$$00000000  c_w.l(libshutdown.o)
    0x0000027e   0x0000027e   0x00000000   Code   RO         2167    .ARM.Collect$$libshutdown$$00000002  c_w.l(libshutdown2.o)
    0x0000027e   0x0000027e   0x00000000   Code   RO         2169    .ARM.Collect$$libshutdown$$00000004  c_w.l(libshutdown2.o)
    0x0000027e   0x0000027e   0x00000000   Code   RO         2172    .ARM.Collect$$libshutdown$$00000007  c_w.l(libshutdown2.o)
    0x0000027e   0x0000027e   0x00000000   Code   RO         2175    .ARM.Collect$$libshutdown$$0000000A  c_w.l(libshutdown2.o)
    0x0000027e   0x0000027e   0x00000000   Code   RO         2177    .ARM.Collect$$libshutdown$$0000000C  c_w.l(libshutdown2.o)
    0x0000027e   0x0000027e   0x00000000   Code   RO         2180    .ARM.Collect$$libshutdown$$0000000F  c_w.l(libshutdown2.o)
    0x0000027e   0x0000027e   0x00000002   Code   RO         2181    .ARM.Collect$$libshutdown$$00000010  c_w.l(libshutdown2.o)
    0x00000280   0x00000280   0x00000000   Code   RO         2055    .ARM.Collect$$rtentry$$00000000  c_w.l(__rtentry.o)
    0x00000280   0x00000280   0x00000000   Code   RO         2061    .ARM.Collect$$rtentry$$00000002  c_w.l(__rtentry2.o)
    0x00000280   0x00000280   0x00000006   Code   RO         2073    .ARM.Collect$$rtentry$$00000004  c_w.l(__rtentry4.o)
    0x00000286   0x00000286   0x00000008   Code   RO         2062    .ARM.Collect$$rtentry$$00000008  c_w.l(__rtentry2.o)
    0x0000028e   0x0000028e   0x00000004   Code   RO         2064    .ARM.Collect$$rtentry$$0000000A  c_w.l(__rtentry2.o)
    0x00000292   0x00000292   0x00000000   Code   RO         2066    .ARM.Collect$$rtentry$$0000000C  c_w.l(__rtentry2.o)
    0x00000292   0x00000292   0x00000008   Code   RO         2067    .ARM.Collect$$rtentry$$0000000D  c_w.l(__rtentry2.o)
    0x0000029a   0x0000029a   0x00000002   Code   RO         2088    .ARM.Collect$$rtexit$$00000000  c_w.l(rtexit.o)
    0x0000029c   0x0000029c   0x00000000   Code   RO         2136    .ARM.Collect$$rtexit$$00000002  c_w.l(rtexit2.o)
    0x0000029c   0x0000029c   0x00000004   Code   RO         2137    .ARM.Collect$$rtexit$$00000003  c_w.l(rtexit2.o)
    0x000002a0   0x000002a0   0x00000006   Code   RO         2138    .ARM.Collect$$rtexit$$00000004  c_w.l(rtexit2.o)
    0x000002a6   0x000002a6   0x00000002   PAD
    0x000002a8   0x000002a8   0x000000be   Code   RO         1156    .emb_text           port.o
    0x00000366   0x00000366   0x00000002   PAD
    0x00000368   0x00000368   0x0000012c   Code   RO          846  * .text               startup_tm4c129.o
    0x00000494   0x00000494   0x0000008a   Code   RO         2047    .text               c_w.l(rt_memcpy_v6.o)
    0x0000051e   0x0000051e   0x00000006   Code   RO         2051    .text               c_w.l(heapauxi.o)
    0x00000524   0x00000524   0x00000064   Code   RO         2056    .text               c_w.l(rt_memcpy_w.o)
    0x00000588   0x00000588   0x0000004a   Code   RO         2077    .text               c_w.l(sys_stackheap_outer.o)
    0x000005d2   0x000005d2   0x00000012   Code   RO         2079    .text               c_w.l(exit.o)
    0x000005e4   0x000005e4   0x00000008   Code   RO         2085    .text               c_w.l(libspace.o)
    0x000005ec   0x000005ec   0x0000000c   Code   RO         2146    .text               c_w.l(sys_exit.o)
    0x000005f8   0x000005f8   0x00000002   Code   RO         2157    .text               c_w.l(use_no_semi.o)
    0x000005fa   0x000005fa   0x00000000   Code   RO         2159    .text               c_w.l(indicate_semi.o)
    0x000005fa   0x000005fa   0x00000016   Code   RO          223    i.SysTick_Handler   cmsis_os2.o
    0x00000610   0x00000610   0x00000020   Code   RO          854    i.SystemInit        system_tm4c129.o
    0x00000630   0x00000630   0x00000016   Code   RO           90    i._mutex_acquire    clib_arm.o
    0x00000646   0x00000646   0x00000002   PAD
    0x00000648   0x00000648   0x00000034   Code   RO           91    i._mutex_free       clib_arm.o
    0x0000067c   0x0000067c   0x00000060   Code   RO           92    i._mutex_initialize  clib_arm.o
    0x000006dc   0x000006dc   0x00000018   Code   RO           93    i._mutex_release    clib_arm.o
    0x000006f4   0x000006f4   0x00000002   Code   RO           94    i._platform_post_stackheap_init  clib_arm.o
    0x000006f6   0x000006f6   0x00000002   PAD
    0x000006f8   0x000006f8   0x00000028   Code   RO            1    i.check_Encoder     encoder.o
    0x00000720   0x00000720   0x00000054   Code   RO            2    i.config_PortN      encoder.o
    0x00000774   0x00000774   0x00000058   Code   RO            3    i.config_TimerA     encoder.o
    0x000007cc   0x000007cc   0x0000000c   Code   RO            4    i.init_Encoder      encoder.o
    0x000007d8   0x000007d8   0x0000005c   Code   RO           63    i.main              main.o
    0x00000834   0x00000834   0x00000012   Code   RO            5    i.measure_Speed     encoder.o
    0x00000846   0x00000846   0x00000002   PAD
    0x00000848   0x00000848   0x00000024   Code   RO           95    i.os_kernel_is_active  clib_arm.o
    0x0000086c   0x0000086c   0x0000007c   Code   RO         1476    i.prvAddCurrentTaskToDelayedList  tasks.o
    0x000008e8   0x000008e8   0x0000007e   Code   RO         1240    i.prvCopyDataToQueue  queue.o
    0x00000966   0x00000966   0x00000014   Code   RO         1241    i.prvGetDisinheritPriorityAfterTimeout  queue.o
    0x0000097a   0x0000097a   0x00000002   PAD
    0x0000097c   0x0000097c   0x0000007c   Code   RO         1089    i.prvHeapInit       heap_4.o
    0x000009f8   0x000009f8   0x0000001e   Code   RO         1242    i.prvInitialiseMutex  queue.o
    0x00000a16   0x00000a16   0x0000002a   Code   RO         1243    i.prvInitialiseNewQueue  queue.o
    0x00000a40   0x00000a40   0x00000068   Code   RO         1090    i.prvInsertBlockIntoFreeList  heap_4.o
    0x00000aa8   0x00000aa8   0x0000001a   Code   RO         1244    i.prvIsQueueEmpty   queue.o
    0x00000ac2   0x00000ac2   0x0000001e   Code   RO         1245    i.prvIsQueueFull    queue.o
    0x00000ae0   0x00000ae0   0x00000034   Code   RO         1484    i.prvResetNextTaskUnblockTime  tasks.o
    0x00000b14   0x00000b14   0x0000007e   Code   RO         1246    i.prvUnlockQueue    queue.o
    0x00000b92   0x00000b92   0x00000002   PAD
    0x00000b94   0x00000b94   0x000000e0   Code   RO         1091    i.pvPortMalloc      heap_4.o
    0x00000c74   0x00000c74   0x00000020   Code   RO         1487    i.pvTaskIncrementMutexHeldCount  tasks.o
    0x00000c94   0x00000c94   0x00000014   Code   RO            6    i.timer_Off         encoder.o
    0x00000ca8   0x00000ca8   0x00000014   Code   RO            7    i.timer_On          encoder.o
    0x00000cbc   0x00000cbc   0x00000028   Code   RO         1038    i.uxListRemove      list.o
    0x00000ce4   0x00000ce4   0x00000002   Code   RO          301    i.vApplicationStackOverflowHook  cmsis_os2.o
    0x00000ce6   0x00000ce6   0x0000001a   Code   RO         1039    i.vListInitialise   list.o
    0x00000d00   0x00000d00   0x00000034   Code   RO         1041    i.vListInsert       list.o
    0x00000d34   0x00000d34   0x00000018   Code   RO         1042    i.vListInsertEnd    list.o
    0x00000d4c   0x00000d4c   0x00000024   Code   RO         1160    i.vPortEnterCritical  port.o
    0x00000d70   0x00000d70   0x00000020   Code   RO         1161    i.vPortExitCritical  port.o
    0x00000d90   0x00000d90   0x00000058   Code   RO         1092    i.vPortFree         heap_4.o
    0x00000de8   0x00000de8   0x00000014   Code   RO         1252    i.vQueueDelete      queue.o
    0x00000dfc   0x00000dfc   0x00000018   Code   RO         1502    i.vTaskInternalSetTimeOutState  tasks.o
    0x00000e14   0x00000e14   0x0000000c   Code   RO         1503    i.vTaskMissedYield  tasks.o
    0x00000e20   0x00000e20   0x00000020   Code   RO         1505    i.vTaskPlaceOnEventList  tasks.o
    0x00000e40   0x00000e40   0x0000008c   Code   RO         1508    i.vTaskPriorityDisinheritAfterTimeout  tasks.o
    0x00000ecc   0x00000ecc   0x00000010   Code   RO         1516    i.vTaskSuspendAll   tasks.o
    0x00000edc   0x00000edc   0x000000b0   Code   RO         1517    i.vTaskSwitchContext  tasks.o
    0x00000f8c   0x00000f8c   0x00000034   Code   RO         1164    i.xPortSysTickHandler  port.o
    0x00000fc0   0x00000fc0   0x00000022   Code   RO         1257    i.xQueueCreateMutex  queue.o
    0x00000fe2   0x00000fe2   0x0000002a   Code   RO         1258    i.xQueueCreateMutexStatic  queue.o
    0x0000100c   0x0000100c   0x0000003a   Code   RO         1259    i.xQueueGenericCreate  queue.o
    0x00001046   0x00001046   0x0000002e   Code   RO         1260    i.xQueueGenericCreateStatic  queue.o
    0x00001074   0x00001074   0x00000080   Code   RO         1261    i.xQueueGenericReset  queue.o
    0x000010f4   0x000010f4   0x00000118   Code   RO         1262    i.xQueueGenericSend  queue.o
    0x0000120c   0x0000120c   0x00000130   Code   RO         1274    i.xQueueSemaphoreTake  queue.o
    0x0000133c   0x0000133c   0x0000005c   Code   RO         1519    i.xTaskCheckForTimeOut  tasks.o
    0x00001398   0x00001398   0x00000020   Code   RO         1525    i.xTaskGetSchedulerState  tasks.o
    0x000013b8   0x000013b8   0x00000118   Code   RO         1528    i.xTaskIncrementTick  tasks.o
    0x000014d0   0x000014d0   0x00000060   Code   RO         1531    i.xTaskPriorityDisinherit  tasks.o
    0x00001530   0x00001530   0x000000a4   Code   RO         1532    i.xTaskPriorityInherit  tasks.o
    0x000015d4   0x000015d4   0x00000080   Code   RO         1533    i.xTaskRemoveFromEventList  tasks.o
    0x00001654   0x00001654   0x000000e8   Code   RO         1534    i.xTaskResumeAll    tasks.o
    0x0000173c   0x0000173c   0x0000000a   Code   RO         2144    x$fpl$fpinit        fz_wm.l(fpinit.o)
    0x00001746   0x00001746   0x00000002   PAD
    0x00001748   0x00001748   0x00000020   Data   RO         2212    Region$$Table       anon$$obj.o


    Execution Region ER_RW (Exec base: 0x20000000, Load base: 0x00001768, Size: 0x00000078, Max: 0xffffffff, ABSOLUTE)

    Exec Addr    Load Addr    Size         Type   Attr      Idx    E Section Name        Object

    0x20000000   0x00001768   0x00000004   Data   RW            8    .data               encoder.o
    0x20000004   0x0000176c   0x0000000c   Data   RW           64    .data               main.o
    0x20000010   0x00001778   0x00000001   Data   RW           97    .data               clib_arm.o
    0x20000011   0x00001779   0x00000003   PAD
    0x20000014   0x0000177c   0x00000004   Data   RW          855    .data               system_tm4c129.o
    0x20000018   0x00001780   0x00000020   Data   RW         1098    .data               heap_4.o
    0x20000038   0x000017a0   0x00000004   Data   RW         1165    .data               port.o
    0x2000003c   0x000017a4   0x0000003c   Data   RW         1537    .data               tasks.o


    Execution Region ER_ZI (Exec base: 0x20000078, Load base: 0x000017e0, Size: 0x00002ab8, Max: 0xffffffff, ABSOLUTE)

    Exec Addr    Load Addr    Size         Type   Attr      Idx    E Section Name        Object

    0x20000078        -       0x00000394   Zero   RW           96    .bss                clib_arm.o
    0x2000040c        -       0x00002000   Zero   RW         1097    .bss                heap_4.o
    0x2000240c        -       0x000004c4   Zero   RW         1536    .bss                tasks.o
    0x200028d0        -       0x00000060   Zero   RW         2086    .bss                c_w.l(libspace.o)
    0x20002930        -       0x00000000   Zero   RW          844    HEAP                startup_tm4c129.o
    0x20002930        -       0x00000200   Zero   RW          843    STACK               startup_tm4c129.o


==============================================================================

Image component sizes


      Code (inc. data)   RO Data    RW Data    ZI Data      Debug   Object Name

       232         20          0          1        916      30156   clib_arm.o
        24          0          0          0          0       9142   cmsis_os2.o
       282         50          0          4          0       8037   encoder.o
         0          0          0          0          0      11476   event_groups.o
       540         74          0         32       8192       4467   heap_4.o
       142          0          0          0          0       3164   list.o
        92         14          0         12          0        775   main.o
       310         32          0          4          0       5267   port.o
      1312         14          0          0          0      16442   queue.o
       300         22        512          0        512       6028   startup_tm4c129.o
        32         12          0          4          0        759   system_tm4c129.o
      1632        242          0         60       1220      32412   tasks.o

    ----------------------------------------------------------------------
      4910        480        544        120      10840     128125   Object Totals
         0          0         32          0          0          0   (incl. Generated)
        12          0          0          3          0          0   (incl. Padding)

    ----------------------------------------------------------------------

      Code (inc. data)   RO Data    RW Data    ZI Data      Debug   Library Member Name

         8          0          0          0          0         68   __main.o
         0          0          0          0          0          0   __rtentry.o
        20          0          0          0          0          0   __rtentry2.o
         6          0          0          0          0          0   __rtentry4.o
        52          8          0          0          0          0   __scatter.o
        26          0          0          0          0          0   __scatter_copy.o
        28          0          0          0          0          0   __scatter_zi.o
        18          0          0          0          0         80   exit.o
         6          0          0          0          0        152   heapauxi.o
         0          0          0          0          0          0   indicate_semi.o
         2          0          0          0          0          0   libinit.o
         6          0          0          0          0          0   libinit2.o
         2          0          0          0          0          0   libshutdown.o
         2          0          0          0          0          0   libshutdown2.o
         8          4          0          0         96         68   libspace.o
       138          0          0          0          0         68   rt_memcpy_v6.o
       100          0          0          0          0         80   rt_memcpy_w.o
         2          0          0          0          0          0   rtexit.o
        10          0          0          0          0          0   rtexit2.o
        12          4          0          0          0         68   sys_exit.o
        74          0          0          0          0         80   sys_stackheap_outer.o
         2          0          0          0          0         68   use_no_semi.o
        10          0          0          0          0        116   fpinit.o

    ----------------------------------------------------------------------
       538         16          0          0         96        848   Library Totals
         6          0          0          0          0          0   (incl. Padding)

    ----------------------------------------------------------------------

      Code (inc. data)   RO Data    RW Data    ZI Data      Debug   Library Name

       522         16          0          0         96        732   c_w.l
        10          0          0          0          0        116   fz_wm.l

    ----------------------------------------------------------------------
       538         16          0          0         96        848   Library Totals

    ----------------------------------------------------------------------

==============================================================================


      Code (inc. data)   RO Data    RW Data    ZI Data      Debug   

      5448        496        544        120      10936     123113   Grand Totals
      5448        496        544        120      10936     123113   ELF Image Totals
      5448        496        544        120          0          0   ROM Totals

==============================================================================

    Total RO  Size (Code + RO Data)                 5992 (   5.85kB)
    Total RW  Size (RW Data + ZI Data)             11056 (  10.80kB)
    Total ROM Size (Code + RO Data + RW Data)       6112 (   5.97kB)

==============================================================================

