<html>
<body>
<pre>
<h1>µVision Build Log</h1>
<h2>Tool Versions:</h2>
IDE-Version: µVision V5.28.0.0
Copyright (C) 2019 ARM Ltd and ARM Germany GmbH. All rights reserved.
License Information: no info, here, LIC=----
 
Tool Versions:
Toolchain:       MDK-Lite  Version: 5.28.0.0
Toolchain Path:  C:\Keil_v5\ARM\ARMCC\Bin
C Compiler:      Armcc.exe V5.06 update 6 (build 750)
Assembler:       Armasm.exe V5.06 update 6 (build 750)
Linker/Locator:  ArmLink.exe V5.06 update 6 (build 750)
Library Manager: ArmAr.exe V5.06 update 6 (build 750)
Hex Converter:   FromElf.exe V5.06 update 6 (build 750)
CPU DLL:         SARMCM3.DLL V5.28.0.0
Dialog DLL:      DCM.DLL V1.17.3.0
Target DLL:      lmidk-agdi.dll V???
Dialog DLL:      TCM.DLL V1.36.2.0
 
<h2>Project:</h2>
D:\Data\Aldruk\Documentos\Keil Uvision Projects\encoder\encoder.uvprojx
Project File Date:  01/11/2021

<h2>Output:</h2>
*** Using Compiler 'V5.06 update 6 (build 750)', folder: 'C:\Keil_v5\ARM\ARMCC\Bin'
Rebuild target 'Target 1'
assembling startup_TM4C129.s...
compiling system_TM4C129.c...
compiling os_systick.c...
compiling clib_arm.c...
compiling freertos_evr.c...
compiling main.c...
compiling encoder.c...
compiling list.c...
compiling cmsis_os2.c...
compiling heap_4.c...
compiling event_groups.c...
compiling port.c...
compiling queue.c...
compiling timers.c...
compiling tasks.c...
linking...
Program Size: Code=5448 RO-data=544 RW-data=120 ZI-data=10936  
".\Objects\encoder.axf" - 0 Error(s), 0 Warning(s).

<h2>Software Packages used:</h2>

Package Vendor: ARM
                http://www.keil.com/pack/ARM.CMSIS.5.7.0.pack
                ARM.CMSIS.5.7.0
                CMSIS (Cortex Microcontroller Software Interface Standard)
   * Component: RTOS2 Version: 2.1.3
   * Component: CORE Version: 5.4.0

Package Vendor: ARM
                http://www.keil.com/pack/ARM.CMSIS-FreeRTOS.10.3.1.pack
                ARM.CMSIS-FreeRTOS.10.3.1
                Bundle of FreeRTOS for Cortex-M and Cortex-A
   * Component: Config Variant: CMSIS RTOS2 Version: 10.3.1
   * Component: Core Variant: Cortex-M Version: 10.3.1
   * Component: Event Groups Version: 10.3.1
   * Component: Heap Variant: Heap_4 Version: 10.3.1
   * Component: Timers Version: 10.3.1
   * Component: FreeRTOS Variant: Cortex-M Version: 10.3.1

Package Vendor: Keil
                http://www.keil.com/pack/Keil.TM4C_DFP.1.1.0.pack
                Keil.TM4C_DFP.1.1.0
                Texas Instruments Tiva C Series Device Support and Examples
   * Component: Startup Version: 1.0.0

<h2>Collection of Component include folders:</h2>
  .\RTE\RTOS
  .\RTE\_Target_1
  D:\Archivos de programa\Arm\Packs\ARM\CMSIS-FreeRTOS\10.3.1\CMSIS\RTOS2\FreeRTOS\Include
  D:\Archivos de programa\Arm\Packs\ARM\CMSIS-FreeRTOS\10.3.1\Source\include
  D:\Archivos de programa\Arm\Packs\ARM\CMSIS-FreeRTOS\10.3.1\Source\portable\RVDS\ARM_CM4F
  D:\Archivos de programa\Arm\Packs\ARM\CMSIS\5.7.0\CMSIS\Core\Include
  D:\Archivos de programa\Arm\Packs\ARM\CMSIS\5.7.0\CMSIS\RTOS2\Include
  D:\Archivos de programa\Arm\Packs\Keil\TM4C_DFP\1.1.0\Device\Include\TM4C129

<h2>Collection of Component Files used:</h2>

   * Component: ::CMSIS:RTOS2:2.1.3 (API)
      Include file:  CMSIS\RTOS2\Include\cmsis_os2.h

   * Component: ARM.FreeRTOS::RTOS:Config:CMSIS RTOS2:10.3.1
      Include file:  CMSIS\RTOS2\FreeRTOS\Config\ARMCM\FreeRTOSConfig.h

   * Component: ARM.FreeRTOS::RTOS:Core:Cortex-M:10.3.1
      Include file:  Source\include\semphr.h
      Source file:   Source\list.c
      Include file:  Source\include\task.h
      Source file:   Source\queue.c
      Source file:   Source\tasks.c
      Include file:  Source\include\FreeRTOS.h
      Source file:   Source\portable\RVDS\ARM_CM4F\port.c
      Include file:  Source\include\queue.h
      Source file:   CMSIS\RTOS2\FreeRTOS\Source\freertos_evr.c

   * Component: ARM.FreeRTOS::RTOS:Event Groups:10.3.1
      Include file:  Source\include\event_groups.h
      Source file:   Source\event_groups.c

   * Component: ARM.FreeRTOS::RTOS:Heap:Heap_4:10.3.1
      Source file:   Source\portable\MemMang\heap_4.c

   * Component: ARM.FreeRTOS::RTOS:Timers:10.3.1
      Source file:   Source\timers.c
      Include file:  Source\include\timers.h

   * Component: ARM::CMSIS:CORE:5.4.0

   * Component: ARM::CMSIS:RTOS2:FreeRTOS:Cortex-M:10.3.1
      Source file:   CMSIS\RTOS2\FreeRTOS\Source\cmsis_os2.c
      Include file:  CMSIS\RTOS2\FreeRTOS\Include\freertos_mpool.h
      Source file:   CMSIS\RTOS2\FreeRTOS\Source\ARM\clib_arm.c
      Source file:   CMSIS\RTOS2\FreeRTOS\Source\os_systick.c

   * Component: Keil::Device:Startup:1.0.0
      Include file:  Device\Include\TM4C129\TM4C129.h
      Source file:   Device\Source\ARM\startup_TM4C129.s
      Source file:   Device\Source\system_TM4C129.c
Build Time Elapsed:  00:00:02
</pre>
</body>
</html>
